******************************************************************************
                  TI ARM Linker PC v16.9.1                     
******************************************************************************
>> Linked Fri Oct 12 00:35:33 2018

OUTPUT FILE NAME:   <RTOSDemo.out>
ENTRY POINT SYMBOL: "_c_int00"  address: 00002ac5


MEMORY CONFIGURATION

         name            origin    length      used     unused   attr    fill
----------------------  --------  ---------  --------  --------  ----  --------
  MAIN                  00000000   00040000  00003776  0003c88a  R  X
  INFO                  00200000   00004000  00000000  00004000  R  X
  SRAM_CODE             01000000   00010000  00000000  00010000  RW X
  SRAM_DATA             20000000   00010000  0000cecc  00003134  RW  


SEGMENT ALLOCATION MAP

run origin  load origin   length   init length attrs members
----------  ----------- ---------- ----------- ----- -------
00000000    00000000    00003780   00003780    r-x
  00000000    00000000    00000144   00000144    r-- .intvecs
  00000148    00000148    000035aa   000035aa    r-x .text
  000036f4    000036f4    00000020   00000020    r-- .const
  00003718    00003718    00000068   00000068    r-- .cinit
20000000    20000000    0000cbac   00000000    rw-
  20000000    20000000    0000c918   00000000    rw- .bss
  2000c918    2000c918    00000294   00000000    rw- .data
2000fce0    2000fce0    00000320   00000000    rw-
  2000fce0    2000fce0    00000320   00000000    rw- .stack


SECTION ALLOCATION MAP

 output                                  attributes/
section   page    origin      length       input sections
--------  ----  ----------  ----------   ----------------
.intvecs   0    00000000    00000144     
                  00000000    00000144     msp432_startup_ccs.obj (.intvecs:retain)

.text      0    00000148    000035aa     
                  00000148    000001c0     IntQueue.obj (.text:xSecondTimerHandler)
                  00000308    00000194     queue.obj (.text:xQueueGenericSend)
                  0000049c    00000004     rtsv7M4_T_le_v4SPD16_eabi.lib : pre_init.obj (.text)
                  000004a0    00000164     queue.obj (.text:xQueueReceive)
                  00000604    00000002     rtsv7M4_T_le_v4SPD16_eabi.lib : mpu_init.obj (.text)
                  00000606    00000002                                   : startup.obj (.text)
                  00000608    00000148     cs.obj (.text:CS_getDCOFrequency)
                  00000750    00000148     tasks.obj (.text:xTaskIncrementTick)
                  00000898    00000138     heap_4.obj (.text:pvPortMalloc)
                  000009d0    00000134     port.obj (.text:vPortSuppressTicksAndSleep)
                  00000b04    00000004     --HOLE-- [fill = 0]
                  00000b08    00000130     IntQueue.obj (.text:xFirstTimerHandler)
                  00000c38    00000118     cs.obj (.text:CS_initClockSignal)
                  00000d50    00000114     cs.obj (.text:_CSComputeCLKFrequency)
                  00000e64    00000004     --HOLE-- [fill = 0]
                  00000e68    0000010c     tasks.obj (.text:xTaskResumeAll)
                  00000f74    00000004     --HOLE-- [fill = 0]
                  00000f78    00000104     pcm.obj (.text:__PCM_setPowerModeAdvanced)
                  0000107c    00000004     --HOLE-- [fill = 0]
                  00001080    00000104     main_blinky.obj (.text:nikosQueueReceiveTask)
                  00001184    00000004     --HOLE-- [fill = 0]
                  00001188    00000100     timers.obj (.text:prvProcessReceivedCommands)
                  00001288    000000dc     port.obj (.text:xPortStartScheduler)
                  00001364    000000da     portasm.obj (.text)
                  0000143e    00000002     --HOLE-- [fill = 0]
                  00001440    000000d4     pcm.obj (.text:__PCM_setCoreVoltageLevelAdvanced)
                  00001514    00000004     --HOLE-- [fill = 0]
                  00001518    000000d4     tasks.obj (.text:vTaskNotifyGiveFromISR)
                  000015ec    00000004     --HOLE-- [fill = 0]
                  000015f0    000000ce     queue.obj (.text:xQueueGenericSendFromISR)
                  000016be    00000002     --HOLE-- [fill = 0]
                  000016c0    000000c6     tasks.obj (.text:prvInitialiseNewTask)
                  00001786    00000002     --HOLE-- [fill = 0]
                  00001788    000000c0     tasks.obj (.text:xTaskPriorityDisinherit)
                  00001848    000000b8     tasks.obj (.text:vTaskDelayUntil)
                  00001900    000000b4     tasks.obj (.text:prvAddNewTaskToReadyList)
                  000019b4    00000004     --HOLE-- [fill = 0]
                  000019b8    000000b4     serial.obj (.text:vUART_Handler)
                  00001a6c    00000004     --HOLE-- [fill = 0]
                  00001a70    000000b0     tasks.obj (.text:vTaskSwitchContext)
                  00001b20    0000009e     queue.obj (.text:xQueueReceiveFromISR)
                  00001bbe    0000009c     rtsv7M4_T_le_v4SPD16_eabi.lib : memcpy_t2.obj (.text)
                  00001c5a    00000006     --HOLE-- [fill = 0]
                  00001c60    0000009c     tasks.obj (.text:xTaskRemoveFromEventList)
                  00001cfc    00000004     --HOLE-- [fill = 0]
                  00001d00    00000094     timers.obj (.text:prvSwitchTimerLists)
                  00001d94    00000004     --HOLE-- [fill = 0]
                  00001d98    00000094     tasks.obj (.text:xTaskCheckForTimeOut)
                  00001e2c    00000004     --HOLE-- [fill = 0]
                  00001e30    00000090     main_blinky.obj (.text:main_blinky)
                  00001ec0    00000090     queue.obj (.text:xQueueGenericReset)
                  00001f50    00000088     tasks.obj (.text:prvAddCurrentTaskToDelayedList)
                  00001fd8    00000088     heap_4.obj (.text:vPortFree)
                  00002060    00000084     tasks.obj (.text:vTaskStartScheduler)
                  000020e4    00000004     --HOLE-- [fill = 0]
                  000020e8    0000007c     tasks.obj (.text:prvIdleTask)
                  00002164    0000007a     rtsv7M4_T_le_v4SPD16_eabi.lib : memset_t2.obj (.text)
                  000021de    00000002     --HOLE-- [fill = 0]
                  000021e0    00000078     interrupt.obj (.text:Interrupt_enableInterrupt)
                  00002258    00000078     heap_4.obj (.text:prvHeapInit)
                  000022d0    00000074     timers.obj (.text:xTimerGenericCommand)
                  00002344    00000004     --HOLE-- [fill = 0]
                  00002348    00000070     queue.obj (.text:prvCopyDataToQueue)
                  000023b8    00000070     tasks.obj (.text:prvInitialiseTaskLists)
                  00002428    00000070     timers.obj (.text:prvProcessTimerOrBlockTask)
                  00002498    00000070     rtsv7M4_T_le_v4SPD16_eabi.lib : autoinit.obj (.text)
                  00002508    00000070     port.obj (.text:vPortSetupTimerInterrupt)
                  00002578    0000006c     queue.obj (.text:prvUnlockQueue)
                  000025e4    00000004     --HOLE-- [fill = 0]
                  000025e8    00000068     system_msp432p401r.obj (.text:SystemInit)
                  00002650    00000068     rtsv7M4_T_le_v4SPD16_eabi.lib : copy_decompress_lzss.obj (.text:decompress:lzss)
                  000026b8    00000068     heap_4.obj (.text:prvInsertBlockIntoFreeList)
                  00002720    00000068     tasks.obj (.text:xTaskCreate)
                  00002788    00000064     port.obj (.text:vPortValidateInterruptPriority)
                  000027ec    00000004     --HOLE-- [fill = 0]
                  000027f0    00000060     timers.obj (.text:prvProcessExpiredTimer)
                  00002850    00000060     main.obj (.text:prvSetupHardware)
                  000028b0    0000005c     main_blinky.obj (.text:prvQueueReceiveTask)
                  0000290c    00000004     --HOLE-- [fill = 0]
                  00002910    00000058     tasks.obj (.text:prvCheckTasksWaitingTermination)
                  00002968    00000058     timers.obj (.text:xTimerCreateTimerTask)
                  000029c0    00000054     gpio.obj (.text:GPIO_setAsPeripheralModuleFunctionInputPin)
                  00002a14    00000004     --HOLE-- [fill = 0]
                  00002a18    00000054     cs.obj (.text:_CSGetDOCFrequency)
                  00002a6c    00000004     --HOLE-- [fill = 0]
                  00002a70    00000054     timers.obj (.text:prvInsertTimerInActiveList)
                  00002ac4    00000054     rtsv7M4_T_le_v4SPD16_eabi.lib : boot.obj (.text)
                  00002b18    00000054                                   : exit.obj (.text)
                  00002b6c    00000004     --HOLE-- [fill = 0]
                  00002b70    00000054     tasks.obj (.text:vTaskDelay)
                  00002bc4    00000004     --HOLE-- [fill = 0]
                  00002bc8    00000052     cs.obj (.text:_CSGetDividerValue)
                  00002c1a    00000006     --HOLE-- [fill = 0]
                  00002c20    00000050     pcm.obj (.text:PCM_getCoreVoltageLevel)
                  00002c70    00000050     tasks.obj (.text:prvGetExpectedIdleTime)
                  00002cc0    0000004c     sysctl.obj (.text:SysCtl_getTLVInfo)
                  00002d0c    00000004     --HOLE-- [fill = 0]
                  00002d10    0000004c     timers.obj (.text:prvCheckForValidListAndQueue)
                  00002d5c    0000004c     rtsv7M4_T_le_v4SPD16_eabi.lib : cpy_tbl.obj (.text)
                  00002da8    0000004c     queue.obj (.text:xQueueGenericCreate)
                  00002df4    00000004     --HOLE-- [fill = 0]
                  00002df8    0000004a     main_blinky.obj (.text:prvConfigureClocks)
                  00002e42    00000006     --HOLE-- [fill = 0]
                  00002e48    00000048     main_blinky.obj (.text:nikosQueueSendTask)
                  00002e90    00000048     main_blinky.obj (.text:prvQueueSendTask)
                  00002ed8    00000048     queue.obj (.text:vQueueWaitForMessageRestricted)
                  00002f20    00000044     port.obj (.text:vPortEnterCritical)
                  00002f64    00000004     --HOLE-- [fill = 0]
                  00002f68    00000040     tasks.obj (.text:vTaskPlaceOnEventListRestricted)
                  00002fa8    0000003c     tasks.obj (.text:eTaskConfirmSleepModeStatus)
                  00002fe4    00000004     --HOLE-- [fill = 0]
                  00002fe8    0000003a     pcm.obj (.text:PCM_getPowerMode)
                  00003022    00000006     --HOLE-- [fill = 0]
                  00003028    00000038     port.obj (.text:prvTaskExitError)
                  00003060    00000038     IntQueueTimer.obj (.text:vT32_0_Handler)
                  00003098    00000038     IntQueueTimer.obj (.text:vT32_1_Handler)
                  000030d0    00000038     tasks.obj (.text:vTaskPlaceOnEventList)
                  00003108    00000034     list.obj (.text:vListInsert)
                  0000313c    00000004     --HOLE-- [fill = 0]
                  00003140    00000034     tasks.obj (.text:vTaskStepTick)
                  00003174    00000004     --HOLE-- [fill = 0]
                  00003178    00000030     flash.obj (.text:FlashCtl_setWaitState)
                  000031a8    00000030     tasks.obj (.text:prvResetNextTaskUnblockTime)
                  000031d8    00000030     port.obj (.text:vPortExitCritical)
                  00003208    0000002c     cs.obj (.text:CS_setDCOCenteredFrequency)
                  00003234    00000004     --HOLE-- [fill = 0]
                  00003238    0000002c     gpio.obj (.text:GPIO_setAsInputPinWithPullUpResistor)
                  00003264    00000004     --HOLE-- [fill = 0]
                  00003268    0000002c     timers.obj (.text:prvSampleTimeNow)
                  00003294    00000004     --HOLE-- [fill = 0]
                  00003298    0000002c     port.obj (.text:pxPortInitialiseStack)
                  000032c4    00000004     --HOLE-- [fill = 0]
                  000032c8    0000002c     port.obj (.text:xPortSysTickHandler)
                  000032f4    00000004     --HOLE-- [fill = 0]
                  000032f8    0000002c     queue.obj (.text:xQueueIsQueueFullFromISR)
                  00003324    00000004     --HOLE-- [fill = 0]
                  00003328    00000028     cs.obj (.text:CS_clearInterruptFlag)
                  00003350    00000028     queue.obj (.text:prvCopyDataFromQueue)
                  00003378    00000026     list.obj (.text:uxListRemove)
                  0000339e    00000002     --HOLE-- [fill = 0]
                  000033a0    00000024     timers.obj (.text:prvGetNextExpireTime)
                  000033c4    00000004     --HOLE-- [fill = 0]
                  000033c8    00000020     gpio.obj (.text:GPIO_setAsOutputPin)
                  000033e8    00000020     IntQueue.obj (.text:prvRecordValue_NormallyEmpty)
                  00003408    00000020     IntQueue.obj (.text:prvRecordValue_NormallyFull)
                  00003428    00000020     tasks.obj (.text:xTaskGetSchedulerState)
                  00003448    0000001e     queue.obj (.text:prvInitialiseNewQueue)
                  00003466    00000002     --HOLE-- [fill = 0]
                  00003468    0000001e     queue.obj (.text:prvIsQueueFull)
                  00003486    00000002     --HOLE-- [fill = 0]
                  00003488    0000001e     list.obj (.text:vListInitialise)
                  000034a6    00000002     --HOLE-- [fill = 0]
                  000034a8    0000001a     main_blinky.obj (.text:prvConfigureButton)
                  000034c2    00000006     --HOLE-- [fill = 0]
                  000034c8    0000001a     queue.obj (.text:prvIsQueueEmpty)
                  000034e2    00000006     --HOLE-- [fill = 0]
                  000034e8    0000001a     timers.obj (.text:prvTimerTask)
                  00003502    00000006     --HOLE-- [fill = 0]
                  00003508    00000018     cs.obj (.text:CS_getMCLK)
                  00003520    00000018     msp432_startup_ccs.obj (.text:resetISR)
                  00003538    00000018     rtsv7M4_T_le_v4SPD16_eabi.lib : args_main.obj (.text)
                  00003550    00000018     list.obj (.text:vListInsertEnd)
                  00003568    00000018     tasks.obj (.text:vTaskInternalSetTimeOutState)
                  00003580    00000014     gpio.obj (.text:GPIO_enableInterrupt)
                  00003594    00000004     --HOLE-- [fill = 0]
                  00003598    00000014     gpio.obj (.text:GPIO_setOutputLowOnPin)
                  000035ac    00000004     --HOLE-- [fill = 0]
                  000035b0    00000014     gpio.obj (.text:GPIO_toggleOutputOnPin)
                  000035c4    00000004     --HOLE-- [fill = 0]
                  000035c8    00000014     IntQueue.obj (.text:prvQueueAccessLogError)
                  000035dc    00000014     rtsv7M4_T_le_v4SPD16_eabi.lib : _lock.obj (.text)
                  000035f0    00000012     tasks.obj (.text:prvDeleteTCB)
                  00003602    00000006     --HOLE-- [fill = 0]
                  00003608    00000012     main.obj (.text:vApplicationMallocFailedHook)
                  0000361a    00000006     --HOLE-- [fill = 0]
                  00003620    00000012     main.obj (.text:vApplicationStackOverflowHook)
                  00003632    00000006     --HOLE-- [fill = 0]
                  00003638    00000010     fpu.obj (.text:FPU_enableModule)
                  00003648    00000010     tasks.obj (.text:vTaskSuspendAll)
                  00003658    0000000e     rtsv7M4_T_le_v4SPD16_eabi.lib : copy_decompress_none.obj (.text:decompress:none)
                  00003666    00000002     --HOLE-- [fill = 0]
                  00003668    0000000e     main.obj (.text:main)
                  00003676    00000002     --HOLE-- [fill = 0]
                  00003678    0000000c     pcm.obj (.text:PCM_getPowerState)
                  00003684    0000000c     rtsv7M4_T_le_v4SPD16_eabi.lib : copy_zero_init.obj (.text:decompress:ZI)
                  00003690    0000000c     tasks.obj (.text:vTaskMissedYield)
                  0000369c    00000004     --HOLE-- [fill = 0]
                  000036a0    0000000c     tasks.obj (.text:xTaskGetTickCount)
                  000036ac    00000004     --HOLE-- [fill = 0]
                  000036b0    00000008     pcm.obj (.text:PCM_setCoreVoltageLevel)
                  000036b8    00000008     pcm.obj (.text:PCM_setPowerMode)
                  000036c0    00000006     list.obj (.text:vListInitialiseItem)
                  000036c6    00000002     --HOLE-- [fill = 0]
                  000036c8    00000002     msp432_startup_ccs.obj (.text:defaultISR)
                  000036ca    00000006     --HOLE-- [fill = 0]
                  000036d0    00000002     msp432_startup_ccs.obj (.text:faultISR)
                  000036d2    00000006     --HOLE-- [fill = 0]
                  000036d8    00000002     msp432_startup_ccs.obj (.text:nmiISR)
                  000036da    00000006     --HOLE-- [fill = 0]
                  000036e0    00000002     main.obj (.text:vApplicationIdleHook)
                  000036e2    00000006     --HOLE-- [fill = 0]
                  000036e8    00000002     main_blinky.obj (.text:vApplicationTickHook)
                  000036ea    00000006     --HOLE-- [fill = 0]
                  000036f0    00000002     main_blinky.obj (.text:vPreSleepProcessing)

.const     0    000036f4    00000020     
                  000036f4    00000008     interrupt.obj (.const:g_pulEnRegs)
                  000036fc    00000008     main_blinky.obj (.const)
                  00003704    00000008     port.obj (.const)
                  0000370c    00000004     heap_4.obj (.const)
                  00003710    00000004     serial.obj (.const)

.cinit     0    00003718    00000068     
                  00003718    00000043     (.cinit..data.load) [load image, compression = lzss]
                  0000375b    00000001     --HOLE-- [fill = 0]
                  0000375c    0000000c     (__TI_handler_table)
                  00003768    00000008     (.cinit..bss.load) [load image, compression = zero_init]
                  00003770    00000010     (__TI_cinit_table)

.bss       0    20000000    0000c918     UNINITIALIZED
                  20000000    0000c800     heap_4.obj (.bss:ucHeap)
                  2000c800    00000064     tasks.obj (.bss:pxReadyTasksLists)
                  2000c864    00000014     timers.obj (.bss:xActiveTimerList1)
                  2000c878    00000014     timers.obj (.bss:xActiveTimerList2)
                  2000c88c    00000014     tasks.obj (.bss:xDelayedTaskList1)
                  2000c8a0    00000014     tasks.obj (.bss:xDelayedTaskList2)
                  2000c8b4    00000014     tasks.obj (.bss:xPendingReadyList)
                  2000c8c8    00000014     tasks.obj (.bss:xSuspendedTaskList)
                  2000c8dc    00000014     tasks.obj (.bss:xTasksWaitingTermination)
                  2000c8f0    00000008     IntQueue.obj (.bss)
                  2000c8f8    00000008     cs.obj (.bss)
                  2000c900    00000008     tasks.obj (.bss)
                  2000c908    00000008     timers.obj (.bss)
                  2000c910    00000008     heap_4.obj (.bss:xStart)

.data      0    2000c918    00000294     UNINITIALIZED
                  2000c918    000000c8     IntQueue.obj (.data:ucNormallyEmptyReceivedValues)
                  2000c9e0    000000c8     IntQueue.obj (.data:ucNormallyFullReceivedValues)
                  2000caa8    0000003c     IntQueue.obj (.data)
                  2000cae4    00000034     tasks.obj (.data)
                  2000cb18    00000030     gpio.obj (.data:GPIO_PORT_TO_BASE)
                  2000cb48    00000018     port.obj (.data)
                  2000cb60    00000010     heap_4.obj (.data)
                  2000cb70    00000010     serial.obj (.data)
                  2000cb80    0000000c     rtsv7M4_T_le_v4SPD16_eabi.lib : exit.obj (.data:$O1$$)
                  2000cb8c    0000000c     timers.obj (.data)
                  2000cb98    00000008     rtsv7M4_T_le_v4SPD16_eabi.lib : _lock.obj (.data:$O1$$)
                  2000cba0    00000008     main_blinky.obj (.data)
                  2000cba8    00000004     rtsv7M4_T_le_v4SPD16_eabi.lib : stkdepth_vars.obj (.data)

.stack     0    2000fce0    00000320     UNINITIALIZED
                  2000fce0    00000320     --HOLE--

MODULE SUMMARY

       Module                     code    ro data   rw data
       ------                     ----    -------   -------
    .\
       main.obj                   148     0         0      
    +--+--------------------------+-------+---------+---------+
       Total:                     148     0         0      
                                                           
    .\FreeRTOS_Source\
       tasks.obj                  3296    0         260    
       queue.obj                  1806    0         0      
       timers.obj                 1082    0         60     
       list.obj                   150     0         0      
    +--+--------------------------+-------+---------+---------+
       Total:                     6334    0         320    
                                                           
    .\FreeRTOS_Source\portable\CCS\ARM_CM4F\
       port.obj                   1000    8         24     
       portasm.obj                218     0         0      
    +--+--------------------------+-------+---------+---------+
       Total:                     1218    8         24     
                                                           
    .\FreeRTOS_Source\portable\MemMang\
       heap_4.obj                 672     4         51224  
    +--+--------------------------+-------+---------+---------+
       Total:                     672     4         51224  
                                                           
    .\Full_Demo\
       serial.obj                 180     4         16     
       IntQueueTimer.obj          112     0         0      
    +--+--------------------------+-------+---------+---------+
       Total:                     292     4         16     
                                                           
    .\Full_Demo\Standard_Demo_Tasks\
       IntQueue.obj               836     0         468    
    +--+--------------------------+-------+---------+---------+
       Total:                     836     0         468    
                                                           
    .\SimplyBlinkyDemo\
       main_blinky.obj            744     8         8      
    +--+--------------------------+-------+---------+---------+
       Total:                     744     8         8      
                                                           
    .\driverlib\
       cs.obj                     1158    0         8      
       pcm.obj                    638     0         0      
       gpio.obj                   220     0         48     
       interrupt.obj              120     8         0      
       sysctl.obj                 76      0         0      
       flash.obj                  48      0         0      
       fpu.obj                    16      0         0      
    +--+--------------------------+-------+---------+---------+
       Total:                     2276    8         56     
                                                           
    .\system\CCS\
       msp432_startup_ccs.obj     30      324       0      
       system_msp432p401r.obj     104     0         0      
    +--+--------------------------+-------+---------+---------+
       Total:                     134     324       0      
                                                           
    C:\ti\ccsv7\tools\compiler\ti-cgt-arm_16.9.1.LTS\lib\rtsv7M4_T_le_v4SPD16_eabi.lib
       memcpy_t2.obj              156     0         0      
       memset_t2.obj              122     0         0      
       autoinit.obj               112     0         0      
       copy_decompress_lzss.obj   104     0         0      
       exit.obj                   84      0         12     
       boot.obj                   84      0         0      
       cpy_tbl.obj                76      0         0      
       _lock.obj                  20      0         8      
       args_main.obj              24      0         0      
       copy_decompress_none.obj   14      0         0      
       copy_zero_init.obj         12      0         0      
       pre_init.obj               4       0         0      
       stkdepth_vars.obj          0       0         4      
       mpu_init.obj               2       0         0      
       startup.obj                2       0         0      
    +--+--------------------------+-------+---------+---------+
       Total:                     816     0         24     
                                                           
       Stack:                     0       0         800    
       Linker Generated:          0       103       0      
    +--+--------------------------+-------+---------+---------+
       Grand Total:               13470   459       52940  


LINKER GENERATED COPY TABLES

__TI_cinit_table @ 00003770 records: 2, size/record: 8, table size: 16
	.data: load addr=00003718, load size=00000043 bytes, run addr=2000c918, run size=00000294 bytes, compression=lzss
	.bss: load addr=00003768, load size=00000008 bytes, run addr=20000000, run size=0000c918 bytes, compression=zero_init


LINKER GENERATED HANDLER TABLE

__TI_handler_table @ 0000375c records: 3, size/record: 4, table size: 12
	index: 0, handler: __TI_decompress_lzss
	index: 1, handler: __TI_decompress_none
	index: 2, handler: __TI_zero_init


GLOBAL SYMBOLS: SORTED ALPHABETICALLY BY Name 

address   name                                      
-------   ----                                      
00002b19  C$$EXIT                                   
00003329  CS_clearInterruptFlag                     
00000609  CS_getDCOFrequency                        
00003509  CS_getMCLK                                
00000c39  CS_initClockSignal                        
00003209  CS_setDCOCenteredFrequency                
00003639  FPU_enableModule                          
00003179  FlashCtl_setWaitState                     
00003581  GPIO_enableInterrupt                      
00003239  GPIO_setAsInputPinWithPullUpResistor      
000033c9  GPIO_setAsOutputPin                       
000029c1  GPIO_setAsPeripheralModuleFunctionInputPin
00003599  GPIO_setOutputLowOnPin                    
000035b1  GPIO_toggleOutputOnPin                    
000021e1  Interrupt_enableInterrupt                 
00002c21  PCM_getCoreVoltageLevel                   
00002fe9  PCM_getPowerMode                          
00003679  PCM_getPowerState                         
000036b1  PCM_setCoreVoltageLevel                   
000036b9  PCM_setPowerMode                          
UNDEFED   SHT$$INIT_ARRAY$$Base                     
UNDEFED   SHT$$INIT_ARRAY$$Limit                    
00002cc1  SysCtl_getTLVInfo                         
000025e9  SystemInit                                
4000480c  WDTCTL_SYM                                
20010000  __STACK_END                               
00000320  __STACK_SIZE                              
00003770  __TI_CINIT_Base                           
00003780  __TI_CINIT_Limit                          
0000375c  __TI_Handler_Table_Base                   
00003768  __TI_Handler_Table_Limit                  
00002499  __TI_auto_init                            
2000cb80  __TI_cleanup_ptr                          
00002651  __TI_decompress_lzss                      
00003659  __TI_decompress_none                      
2000cb84  __TI_dtors_ptr                            
2000cb88  __TI_enable_exit_profile_output           
ffffffff  __TI_pprof_out_hndl                       
ffffffff  __TI_prof_data_size                       
ffffffff  __TI_prof_data_start                      
00000000  __TI_static_base__                        
00003685  __TI_zero_init                            
00002165  __aeabi_memclr                            
00002165  __aeabi_memclr4                           
00002165  __aeabi_memclr8                           
00001bbf  __aeabi_memcpy                            
00001bbf  __aeabi_memcpy4                           
00001bbf  __aeabi_memcpy8                           
00002167  __aeabi_memset                            
00002167  __aeabi_memset4                           
00002167  __aeabi_memset8                           
ffffffff  __binit__                                 
ffffffff  __c_args__                                
00000605  __mpu_init                                
2000fce0  __stack                                   
00003539  _args_main                                
00002ac5  _c_int00                                  
2000cb98  _lock                                     
000035eb  _nop                                      
000035e3  _register_lock                            
000035dd  _register_unlock                          
00000607  _system_post_cinit                        
0000049d  _system_pre_init                          
2000cb9c  _unlock                                   
00002b1d  abort                                     
ffffffff  binit                                     
00002d5d  copy_in                                   
00002fa9  eTaskConfirmSleepModeStatus               
00002b25  exit                                      
00000000  interruptVectors                          
00003669  main                                      
00001e31  main_blinky                               
2000cba8  main_func_sp                              
00001bbf  memcpy                                    
0000216d  memset                                    
00000899  pvPortMalloc                              
2000cae4  pxCurrentTCB                              
00003299  pxPortInitialiseStack                     
00003704  ulMaxSyscallInterruptPriority             
00001375  ulPortGetIPSR                             
00003379  uxListRemove                              
000036e1  vApplicationIdleHook                      
00003609  vApplicationMallocFailedHook              
00003621  vApplicationStackOverflowHook             
000036e9  vApplicationTickHook                      
00003489  vListInitialise                           
000036c1  vListInitialiseItem                       
00003109  vListInsert                               
00003551  vListInsertEnd                            
00001431  vPortEnableVFP                            
00002f21  vPortEnterCritical                        
000031d9  vPortExitCritical                         
00001fd9  vPortFree                                 
000013ed  vPortSVCHandler                           
00002509  vPortSetupTimerInterrupt                  
0000140d  vPortStartFirstTask                       
000009d1  vPortSuppressTicksAndSleep                
00002789  vPortValidateInterruptPriority            
000036f1  vPreSleepProcessing                       
00002ed9  vQueueWaitForMessageRestricted            
00003061  vT32_0_Handler                            
00003099  vT32_1_Handler                            
00002b71  vTaskDelay                                
00001849  vTaskDelayUntil                           
00003569  vTaskInternalSetTimeOutState              
00003691  vTaskMissedYield                          
00001519  vTaskNotifyGiveFromISR                    
000030d1  vTaskPlaceOnEventList                     
00002f69  vTaskPlaceOnEventListRestricted           
00002061  vTaskStartScheduler                       
00003141  vTaskStepTick                             
00003649  vTaskSuspendAll                           
00001a71  vTaskSwitchContext                        
000019b9  vUART_Handler                             
00000b09  xFirstTimerHandler                        
0000138d  xPortPendSVHandler                        
00001289  xPortStartScheduler                       
000032c9  xPortSysTickHandler                       
00002da9  xQueueGenericCreate                       
00001ec1  xQueueGenericReset                        
00000309  xQueueGenericSend                         
000015f1  xQueueGenericSendFromISR                  
000032f9  xQueueIsQueueFullFromISR                  
000004a1  xQueueReceive                             
00001b21  xQueueReceiveFromISR                      
00000149  xSecondTimerHandler                       
00001d99  xTaskCheckForTimeOut                      
00002721  xTaskCreate                               
00003429  xTaskGetSchedulerState                    
000036a1  xTaskGetTickCount                         
00000751  xTaskIncrementTick                        
00001789  xTaskPriorityDisinherit                   
00001c61  xTaskRemoveFromEventList                  
00000e69  xTaskResumeAll                            
00002969  xTimerCreateTimerTask                     
000022d1  xTimerGenericCommand                      


GLOBAL SYMBOLS: SORTED BY Symbol Address 

address   name                                      
-------   ----                                      
00000000  __TI_static_base__                        
00000000  interruptVectors                          
00000149  xSecondTimerHandler                       
00000309  xQueueGenericSend                         
00000320  __STACK_SIZE                              
0000049d  _system_pre_init                          
000004a1  xQueueReceive                             
00000605  __mpu_init                                
00000607  _system_post_cinit                        
00000609  CS_getDCOFrequency                        
00000751  xTaskIncrementTick                        
00000899  pvPortMalloc                              
000009d1  vPortSuppressTicksAndSleep                
00000b09  xFirstTimerHandler                        
00000c39  CS_initClockSignal                        
00000e69  xTaskResumeAll                            
00001289  xPortStartScheduler                       
00001375  ulPortGetIPSR                             
0000138d  xPortPendSVHandler                        
000013ed  vPortSVCHandler                           
0000140d  vPortStartFirstTask                       
00001431  vPortEnableVFP                            
00001519  vTaskNotifyGiveFromISR                    
000015f1  xQueueGenericSendFromISR                  
00001789  xTaskPriorityDisinherit                   
00001849  vTaskDelayUntil                           
000019b9  vUART_Handler                             
00001a71  vTaskSwitchContext                        
00001b21  xQueueReceiveFromISR                      
00001bbf  __aeabi_memcpy                            
00001bbf  __aeabi_memcpy4                           
00001bbf  __aeabi_memcpy8                           
00001bbf  memcpy                                    
00001c61  xTaskRemoveFromEventList                  
00001d99  xTaskCheckForTimeOut                      
00001e31  main_blinky                               
00001ec1  xQueueGenericReset                        
00001fd9  vPortFree                                 
00002061  vTaskStartScheduler                       
00002165  __aeabi_memclr                            
00002165  __aeabi_memclr4                           
00002165  __aeabi_memclr8                           
00002167  __aeabi_memset                            
00002167  __aeabi_memset4                           
00002167  __aeabi_memset8                           
0000216d  memset                                    
000021e1  Interrupt_enableInterrupt                 
000022d1  xTimerGenericCommand                      
00002499  __TI_auto_init                            
00002509  vPortSetupTimerInterrupt                  
000025e9  SystemInit                                
00002651  __TI_decompress_lzss                      
00002721  xTaskCreate                               
00002789  vPortValidateInterruptPriority            
00002969  xTimerCreateTimerTask                     
000029c1  GPIO_setAsPeripheralModuleFunctionInputPin
00002ac5  _c_int00                                  
00002b19  C$$EXIT                                   
00002b1d  abort                                     
00002b25  exit                                      
00002b71  vTaskDelay                                
00002c21  PCM_getCoreVoltageLevel                   
00002cc1  SysCtl_getTLVInfo                         
00002d5d  copy_in                                   
00002da9  xQueueGenericCreate                       
00002ed9  vQueueWaitForMessageRestricted            
00002f21  vPortEnterCritical                        
00002f69  vTaskPlaceOnEventListRestricted           
00002fa9  eTaskConfirmSleepModeStatus               
00002fe9  PCM_getPowerMode                          
00003061  vT32_0_Handler                            
00003099  vT32_1_Handler                            
000030d1  vTaskPlaceOnEventList                     
00003109  vListInsert                               
00003141  vTaskStepTick                             
00003179  FlashCtl_setWaitState                     
000031d9  vPortExitCritical                         
00003209  CS_setDCOCenteredFrequency                
00003239  GPIO_setAsInputPinWithPullUpResistor      
00003299  pxPortInitialiseStack                     
000032c9  xPortSysTickHandler                       
000032f9  xQueueIsQueueFullFromISR                  
00003329  CS_clearInterruptFlag                     
00003379  uxListRemove                              
000033c9  GPIO_setAsOutputPin                       
00003429  xTaskGetSchedulerState                    
00003489  vListInitialise                           
00003509  CS_getMCLK                                
00003539  _args_main                                
00003551  vListInsertEnd                            
00003569  vTaskInternalSetTimeOutState              
00003581  GPIO_enableInterrupt                      
00003599  GPIO_setOutputLowOnPin                    
000035b1  GPIO_toggleOutputOnPin                    
000035dd  _register_unlock                          
000035e3  _register_lock                            
000035eb  _nop                                      
00003609  vApplicationMallocFailedHook              
00003621  vApplicationStackOverflowHook             
00003639  FPU_enableModule                          
00003649  vTaskSuspendAll                           
00003659  __TI_decompress_none                      
00003669  main                                      
00003679  PCM_getPowerState                         
00003685  __TI_zero_init                            
00003691  vTaskMissedYield                          
000036a1  xTaskGetTickCount                         
000036b1  PCM_setCoreVoltageLevel                   
000036b9  PCM_setPowerMode                          
000036c1  vListInitialiseItem                       
000036e1  vApplicationIdleHook                      
000036e9  vApplicationTickHook                      
000036f1  vPreSleepProcessing                       
00003704  ulMaxSyscallInterruptPriority             
0000375c  __TI_Handler_Table_Base                   
00003768  __TI_Handler_Table_Limit                  
00003770  __TI_CINIT_Base                           
00003780  __TI_CINIT_Limit                          
2000cae4  pxCurrentTCB                              
2000cb80  __TI_cleanup_ptr                          
2000cb84  __TI_dtors_ptr                            
2000cb88  __TI_enable_exit_profile_output           
2000cb98  _lock                                     
2000cb9c  _unlock                                   
2000cba8  main_func_sp                              
2000fce0  __stack                                   
20010000  __STACK_END                               
4000480c  WDTCTL_SYM                                
ffffffff  __TI_pprof_out_hndl                       
ffffffff  __TI_prof_data_size                       
ffffffff  __TI_prof_data_start                      
ffffffff  __binit__                                 
ffffffff  __c_args__                                
ffffffff  binit                                     
UNDEFED   SHT$$INIT_ARRAY$$Base                     
UNDEFED   SHT$$INIT_ARRAY$$Limit                    

[136 symbols]
