<?xml version="1.0"?>
<link_info>
   <banner>TI ARM Linker PC v16.9.1.LTS</banner>
   <copyright>Copyright (c) 1996-2015 Texas Instruments Incorporated</copyright>
   <link_time>0x5bbfc225</link_time>
   <link_errors>0x0</link_errors>
   <output_file>RTOSDemo.out</output_file>
   <entry_point>
      <name>_c_int00</name>
      <address>0x2ac5</address>
   </entry_point>
   <input_file_list>
      <input_file id="fl-2">
         <path>.\</path>
         <kind>object</kind>
         <file>main.obj</file>
         <name>main.obj</name>
      </input_file>
      <input_file id="fl-3">
         <path>.\FreeRTOS_Source\</path>
         <kind>object</kind>
         <file>croutine.obj</file>
         <name>croutine.obj</name>
      </input_file>
      <input_file id="fl-4">
         <path>.\FreeRTOS_Source\</path>
         <kind>object</kind>
         <file>event_groups.obj</file>
         <name>event_groups.obj</name>
      </input_file>
      <input_file id="fl-5">
         <path>.\FreeRTOS_Source\</path>
         <kind>object</kind>
         <file>list.obj</file>
         <name>list.obj</name>
      </input_file>
      <input_file id="fl-6">
         <path>.\FreeRTOS_Source\</path>
         <kind>object</kind>
         <file>queue.obj</file>
         <name>queue.obj</name>
      </input_file>
      <input_file id="fl-7">
         <path>.\FreeRTOS_Source\</path>
         <kind>object</kind>
         <file>stream_buffer.obj</file>
         <name>stream_buffer.obj</name>
      </input_file>
      <input_file id="fl-8">
         <path>.\FreeRTOS_Source\</path>
         <kind>object</kind>
         <file>tasks.obj</file>
         <name>tasks.obj</name>
      </input_file>
      <input_file id="fl-9">
         <path>.\FreeRTOS_Source\</path>
         <kind>object</kind>
         <file>timers.obj</file>
         <name>timers.obj</name>
      </input_file>
      <input_file id="fl-a">
         <path>.\FreeRTOS_Source\portable\CCS\ARM_CM4F\</path>
         <kind>object</kind>
         <file>port.obj</file>
         <name>port.obj</name>
      </input_file>
      <input_file id="fl-b">
         <path>.\FreeRTOS_Source\portable\CCS\ARM_CM4F\</path>
         <kind>object</kind>
         <file>portasm.obj</file>
         <name>portasm.obj</name>
      </input_file>
      <input_file id="fl-c">
         <path>.\FreeRTOS_Source\portable\MemMang\</path>
         <kind>object</kind>
         <file>heap_4.obj</file>
         <name>heap_4.obj</name>
      </input_file>
      <input_file id="fl-d">
         <path>.\Full_Demo\FreeRTOS+CLI\</path>
         <kind>object</kind>
         <file>FreeRTOS_CLI.obj</file>
         <name>FreeRTOS_CLI.obj</name>
      </input_file>
      <input_file id="fl-e">
         <path>.\Full_Demo\</path>
         <kind>object</kind>
         <file>IntQueueTimer.obj</file>
         <name>IntQueueTimer.obj</name>
      </input_file>
      <input_file id="fl-f">
         <path>.\Full_Demo\</path>
         <kind>object</kind>
         <file>RegTest.obj</file>
         <name>RegTest.obj</name>
      </input_file>
      <input_file id="fl-10">
         <path>.\Full_Demo\</path>
         <kind>object</kind>
         <file>RunTimeStatsTimer.obj</file>
         <name>RunTimeStatsTimer.obj</name>
      </input_file>
      <input_file id="fl-11">
         <path>.\Full_Demo\</path>
         <kind>object</kind>
         <file>Sample-CLI-commands.obj</file>
         <name>Sample-CLI-commands.obj</name>
      </input_file>
      <input_file id="fl-12">
         <path>.\Full_Demo\</path>
         <kind>object</kind>
         <file>UARTCommandConsole.obj</file>
         <name>UARTCommandConsole.obj</name>
      </input_file>
      <input_file id="fl-13">
         <path>.\Full_Demo\</path>
         <kind>object</kind>
         <file>main_full.obj</file>
         <name>main_full.obj</name>
      </input_file>
      <input_file id="fl-14">
         <path>.\Full_Demo\</path>
         <kind>object</kind>
         <file>serial.obj</file>
         <name>serial.obj</name>
      </input_file>
      <input_file id="fl-15">
         <path>.\Full_Demo\Standard_Demo_Tasks\</path>
         <kind>object</kind>
         <file>EventGroupsDemo.obj</file>
         <name>EventGroupsDemo.obj</name>
      </input_file>
      <input_file id="fl-16">
         <path>.\Full_Demo\Standard_Demo_Tasks\</path>
         <kind>object</kind>
         <file>GenQTest.obj</file>
         <name>GenQTest.obj</name>
      </input_file>
      <input_file id="fl-17">
         <path>.\Full_Demo\Standard_Demo_Tasks\</path>
         <kind>object</kind>
         <file>IntQueue.obj</file>
         <name>IntQueue.obj</name>
      </input_file>
      <input_file id="fl-18">
         <path>.\Full_Demo\Standard_Demo_Tasks\</path>
         <kind>object</kind>
         <file>IntSemTest.obj</file>
         <name>IntSemTest.obj</name>
      </input_file>
      <input_file id="fl-19">
         <path>.\Full_Demo\Standard_Demo_Tasks\</path>
         <kind>object</kind>
         <file>TaskNotify.obj</file>
         <name>TaskNotify.obj</name>
      </input_file>
      <input_file id="fl-1a">
         <path>.\Full_Demo\Standard_Demo_Tasks\</path>
         <kind>object</kind>
         <file>TimerDemo.obj</file>
         <name>TimerDemo.obj</name>
      </input_file>
      <input_file id="fl-1b">
         <path>.\Full_Demo\Standard_Demo_Tasks\</path>
         <kind>object</kind>
         <file>countsem.obj</file>
         <name>countsem.obj</name>
      </input_file>
      <input_file id="fl-1c">
         <path>.\Full_Demo\Standard_Demo_Tasks\</path>
         <kind>object</kind>
         <file>recmutex.obj</file>
         <name>recmutex.obj</name>
      </input_file>
      <input_file id="fl-1d">
         <path>.\Full_Demo\Standard_Demo_Tasks\</path>
         <kind>object</kind>
         <file>semtest.obj</file>
         <name>semtest.obj</name>
      </input_file>
      <input_file id="fl-1e">
         <path>.\Full_Demo\Standard_Demo_Tasks\</path>
         <kind>object</kind>
         <file>sp_flop.obj</file>
         <name>sp_flop.obj</name>
      </input_file>
      <input_file id="fl-1f">
         <path>.\SimplyBlinkyDemo\</path>
         <kind>object</kind>
         <file>main_blinky.obj</file>
         <name>main_blinky.obj</name>
      </input_file>
      <input_file id="fl-20">
         <path>.\driverlib\</path>
         <kind>object</kind>
         <file>cpu.obj</file>
         <name>cpu.obj</name>
      </input_file>
      <input_file id="fl-21">
         <path>.\driverlib\</path>
         <kind>object</kind>
         <file>cs.obj</file>
         <name>cs.obj</name>
      </input_file>
      <input_file id="fl-22">
         <path>.\driverlib\</path>
         <kind>object</kind>
         <file>flash.obj</file>
         <name>flash.obj</name>
      </input_file>
      <input_file id="fl-23">
         <path>.\driverlib\</path>
         <kind>object</kind>
         <file>fpu.obj</file>
         <name>fpu.obj</name>
      </input_file>
      <input_file id="fl-24">
         <path>.\driverlib\</path>
         <kind>object</kind>
         <file>gpio.obj</file>
         <name>gpio.obj</name>
      </input_file>
      <input_file id="fl-25">
         <path>.\driverlib\</path>
         <kind>object</kind>
         <file>interrupt.obj</file>
         <name>interrupt.obj</name>
      </input_file>
      <input_file id="fl-26">
         <path>.\driverlib\</path>
         <kind>object</kind>
         <file>pcm.obj</file>
         <name>pcm.obj</name>
      </input_file>
      <input_file id="fl-27">
         <path>.\driverlib\</path>
         <kind>object</kind>
         <file>sysctl.obj</file>
         <name>sysctl.obj</name>
      </input_file>
      <input_file id="fl-28">
         <path>.\driverlib\</path>
         <kind>object</kind>
         <file>timer32.obj</file>
         <name>timer32.obj</name>
      </input_file>
      <input_file id="fl-29">
         <path>.\driverlib\</path>
         <kind>object</kind>
         <file>uart.obj</file>
         <name>uart.obj</name>
      </input_file>
      <input_file id="fl-2a">
         <path>.\driverlib\</path>
         <kind>object</kind>
         <file>wdt_a.obj</file>
         <name>wdt_a.obj</name>
      </input_file>
      <input_file id="fl-2b">
         <path>.\system\CCS\</path>
         <kind>object</kind>
         <file>msp432_startup_ccs.obj</file>
         <name>msp432_startup_ccs.obj</name>
      </input_file>
      <input_file id="fl-2c">
         <path>.\system\CCS\</path>
         <kind>object</kind>
         <file>printf-stdarg.obj</file>
         <name>printf-stdarg.obj</name>
      </input_file>
      <input_file id="fl-2d">
         <path>.\system\CCS\</path>
         <kind>object</kind>
         <file>system_msp432p401r.obj</file>
         <name>system_msp432p401r.obj</name>
      </input_file>
      <input_file id="fl-e7">
         <path>C:\ti\ccsv7\tools\compiler\ti-cgt-arm_16.9.1.LTS\lib\</path>
         <kind>archive</kind>
         <file>rtsv7M4_T_le_v4SPD16_eabi.lib</file>
         <name>boot.obj</name>
      </input_file>
      <input_file id="fl-e8">
         <path>C:\ti\ccsv7\tools\compiler\ti-cgt-arm_16.9.1.LTS\lib\</path>
         <kind>archive</kind>
         <file>rtsv7M4_T_le_v4SPD16_eabi.lib</file>
         <name>copy_decompress_lzss.obj</name>
      </input_file>
      <input_file id="fl-e9">
         <path>C:\ti\ccsv7\tools\compiler\ti-cgt-arm_16.9.1.LTS\lib\</path>
         <kind>archive</kind>
         <file>rtsv7M4_T_le_v4SPD16_eabi.lib</file>
         <name>copy_decompress_none.obj</name>
      </input_file>
      <input_file id="fl-ea">
         <path>C:\ti\ccsv7\tools\compiler\ti-cgt-arm_16.9.1.LTS\lib\</path>
         <kind>archive</kind>
         <file>rtsv7M4_T_le_v4SPD16_eabi.lib</file>
         <name>copy_zero_init.obj</name>
      </input_file>
      <input_file id="fl-eb">
         <path>C:\ti\ccsv7\tools\compiler\ti-cgt-arm_16.9.1.LTS\lib\</path>
         <kind>archive</kind>
         <file>rtsv7M4_T_le_v4SPD16_eabi.lib</file>
         <name>exit.obj</name>
      </input_file>
      <input_file id="fl-ec">
         <path>C:\ti\ccsv7\tools\compiler\ti-cgt-arm_16.9.1.LTS\lib\</path>
         <kind>archive</kind>
         <file>rtsv7M4_T_le_v4SPD16_eabi.lib</file>
         <name>fd_cmp_t2.obj</name>
      </input_file>
      <input_file id="fl-ed">
         <path>C:\ti\ccsv7\tools\compiler\ti-cgt-arm_16.9.1.LTS\lib\</path>
         <kind>archive</kind>
         <file>rtsv7M4_T_le_v4SPD16_eabi.lib</file>
         <name>fs_tod_t2.obj</name>
      </input_file>
      <input_file id="fl-ee">
         <path>C:\ti\ccsv7\tools\compiler\ti-cgt-arm_16.9.1.LTS\lib\</path>
         <kind>archive</kind>
         <file>rtsv7M4_T_le_v4SPD16_eabi.lib</file>
         <name>memcpy_t2.obj</name>
      </input_file>
      <input_file id="fl-ef">
         <path>C:\ti\ccsv7\tools\compiler\ti-cgt-arm_16.9.1.LTS\lib\</path>
         <kind>archive</kind>
         <file>rtsv7M4_T_le_v4SPD16_eabi.lib</file>
         <name>memset_t2.obj</name>
      </input_file>
      <input_file id="fl-f0">
         <path>C:\ti\ccsv7\tools\compiler\ti-cgt-arm_16.9.1.LTS\lib\</path>
         <kind>archive</kind>
         <file>rtsv7M4_T_le_v4SPD16_eabi.lib</file>
         <name>mpu_init.obj</name>
      </input_file>
      <input_file id="fl-f1">
         <path>C:\ti\ccsv7\tools\compiler\ti-cgt-arm_16.9.1.LTS\lib\</path>
         <kind>archive</kind>
         <file>rtsv7M4_T_le_v4SPD16_eabi.lib</file>
         <name>pre_init.obj</name>
      </input_file>
      <input_file id="fl-f2">
         <path>C:\ti\ccsv7\tools\compiler\ti-cgt-arm_16.9.1.LTS\lib\</path>
         <kind>archive</kind>
         <file>rtsv7M4_T_le_v4SPD16_eabi.lib</file>
         <name>stkdepth_vars.obj</name>
      </input_file>
      <input_file id="fl-f3">
         <path>C:\ti\ccsv7\tools\compiler\ti-cgt-arm_16.9.1.LTS\lib\</path>
         <kind>archive</kind>
         <file>rtsv7M4_T_le_v4SPD16_eabi.lib</file>
         <name>strcmp.obj</name>
      </input_file>
      <input_file id="fl-f4">
         <path>C:\ti\ccsv7\tools\compiler\ti-cgt-arm_16.9.1.LTS\lib\</path>
         <kind>archive</kind>
         <file>rtsv7M4_T_le_v4SPD16_eabi.lib</file>
         <name>strcpy.obj</name>
      </input_file>
      <input_file id="fl-f5">
         <path>C:\ti\ccsv7\tools\compiler\ti-cgt-arm_16.9.1.LTS\lib\</path>
         <kind>archive</kind>
         <file>rtsv7M4_T_le_v4SPD16_eabi.lib</file>
         <name>strlen.obj</name>
      </input_file>
      <input_file id="fl-f6">
         <path>C:\ti\ccsv7\tools\compiler\ti-cgt-arm_16.9.1.LTS\lib\</path>
         <kind>archive</kind>
         <file>rtsv7M4_T_le_v4SPD16_eabi.lib</file>
         <name>strncat.obj</name>
      </input_file>
      <input_file id="fl-f7">
         <path>C:\ti\ccsv7\tools\compiler\ti-cgt-arm_16.9.1.LTS\lib\</path>
         <kind>archive</kind>
         <file>rtsv7M4_T_le_v4SPD16_eabi.lib</file>
         <name>strncmp.obj</name>
      </input_file>
      <input_file id="fl-f8">
         <path>C:\ti\ccsv7\tools\compiler\ti-cgt-arm_16.9.1.LTS\lib\</path>
         <kind>archive</kind>
         <file>rtsv7M4_T_le_v4SPD16_eabi.lib</file>
         <name>strncpy.obj</name>
      </input_file>
      <input_file id="fl-f9">
         <path>C:\ti\ccsv7\tools\compiler\ti-cgt-arm_16.9.1.LTS\lib\</path>
         <kind>archive</kind>
         <file>rtsv7M4_T_le_v4SPD16_eabi.lib</file>
         <name>u_divt2.obj</name>
      </input_file>
      <input_file id="fl-fa">
         <path>C:\ti\ccsv7\tools\compiler\ti-cgt-arm_16.9.1.LTS\lib\</path>
         <kind>archive</kind>
         <file>rtsv7M4_T_le_v4SPD16_eabi.lib</file>
         <name>_lock.obj</name>
      </input_file>
      <input_file id="fl-fb">
         <path>C:\ti\ccsv7\tools\compiler\ti-cgt-arm_16.9.1.LTS\lib\</path>
         <kind>archive</kind>
         <file>rtsv7M4_T_le_v4SPD16_eabi.lib</file>
         <name>args_main.obj</name>
      </input_file>
      <input_file id="fl-fc">
         <path>C:\ti\ccsv7\tools\compiler\ti-cgt-arm_16.9.1.LTS\lib\</path>
         <kind>archive</kind>
         <file>rtsv7M4_T_le_v4SPD16_eabi.lib</file>
         <name>autoinit.obj</name>
      </input_file>
      <input_file id="fl-fd">
         <path>C:\ti\ccsv7\tools\compiler\ti-cgt-arm_16.9.1.LTS\lib\</path>
         <kind>archive</kind>
         <file>rtsv7M4_T_le_v4SPD16_eabi.lib</file>
         <name>cpy_tbl.obj</name>
      </input_file>
      <input_file id="fl-fe">
         <path>C:\ti\ccsv7\tools\compiler\ti-cgt-arm_16.9.1.LTS\lib\</path>
         <kind>archive</kind>
         <file>rtsv7M4_T_le_v4SPD16_eabi.lib</file>
         <name>i_div0.obj</name>
      </input_file>
      <input_file id="fl-ff">
         <path>C:\ti\ccsv7\tools\compiler\ti-cgt-arm_16.9.1.LTS\lib\</path>
         <kind>archive</kind>
         <file>rtsv7M4_T_le_v4SPD16_eabi.lib</file>
         <name>startup.obj</name>
      </input_file>
   </input_file_list>
   <object_component_list>
      <object_component id="oc-10">
         <name>.intvecs:retain</name>
         <load_address>0x0</load_address>
         <run_address>0x0</run_address>
         <size>0x144</size>
         <input_file_ref idref="fl-2b"/>
      </object_component>
      <object_component id="oc-eb">
         <name>.text:xSecondTimerHandler</name>
         <load_address>0x148</load_address>
         <run_address>0x148</run_address>
         <size>0x1c0</size>
         <input_file_ref idref="fl-17"/>
      </object_component>
      <object_component id="oc-37e">
         <name>.text:xQueueGenericSend</name>
         <load_address>0x308</load_address>
         <run_address>0x308</run_address>
         <size>0x194</size>
         <input_file_ref idref="fl-6"/>
      </object_component>
      <object_component id="oc-8d">
         <name>.text</name>
         <load_address>0x49c</load_address>
         <run_address>0x49c</run_address>
         <size>0x4</size>
         <input_file_ref idref="fl-f1"/>
      </object_component>
      <object_component id="oc-35e">
         <name>.text:xQueueReceive</name>
         <load_address>0x4a0</load_address>
         <run_address>0x4a0</run_address>
         <size>0x164</size>
         <input_file_ref idref="fl-6"/>
      </object_component>
      <object_component id="oc-87">
         <name>.text</name>
         <load_address>0x604</load_address>
         <run_address>0x604</run_address>
         <size>0x2</size>
         <input_file_ref idref="fl-f0"/>
      </object_component>
      <object_component id="oc-11c">
         <name>.text</name>
         <load_address>0x606</load_address>
         <run_address>0x606</run_address>
         <size>0x2</size>
         <input_file_ref idref="fl-ff"/>
      </object_component>
      <object_component id="oc-579">
         <name>.text:CS_getDCOFrequency</name>
         <load_address>0x608</load_address>
         <run_address>0x608</run_address>
         <size>0x148</size>
         <input_file_ref idref="fl-21"/>
      </object_component>
      <object_component id="oc-c0">
         <name>.text:xTaskIncrementTick</name>
         <load_address>0x750</load_address>
         <run_address>0x750</run_address>
         <size>0x148</size>
         <input_file_ref idref="fl-8"/>
      </object_component>
      <object_component id="oc-326">
         <name>.text:pvPortMalloc</name>
         <load_address>0x898</load_address>
         <run_address>0x898</run_address>
         <size>0x138</size>
         <input_file_ref idref="fl-c"/>
      </object_component>
      <object_component id="oc-41f">
         <name>.text:vPortSuppressTicksAndSleep</name>
         <load_address>0x9d0</load_address>
         <run_address>0x9d0</run_address>
         <size>0x134</size>
         <input_file_ref idref="fl-a"/>
      </object_component>
      <object_component id="oc-e4">
         <name>.text:xFirstTimerHandler</name>
         <load_address>0xb08</load_address>
         <run_address>0xb08</run_address>
         <size>0x130</size>
         <input_file_ref idref="fl-17"/>
      </object_component>
      <object_component id="oc-306">
         <name>.text:CS_initClockSignal</name>
         <load_address>0xc38</load_address>
         <run_address>0xc38</run_address>
         <size>0x118</size>
         <input_file_ref idref="fl-21"/>
      </object_component>
      <object_component id="oc-555">
         <name>.text:_CSComputeCLKFrequency</name>
         <load_address>0xd50</load_address>
         <run_address>0xd50</run_address>
         <size>0x114</size>
         <input_file_ref idref="fl-21"/>
      </object_component>
      <object_component id="oc-3c0">
         <name>.text:xTaskResumeAll</name>
         <load_address>0xe68</load_address>
         <run_address>0xe68</run_address>
         <size>0x10c</size>
         <input_file_ref idref="fl-8"/>
      </object_component>
      <object_component id="oc-51d">
         <name>.text:__PCM_setPowerModeAdvanced</name>
         <load_address>0xf78</load_address>
         <run_address>0xf78</run_address>
         <size>0x104</size>
         <input_file_ref idref="fl-26"/>
      </object_component>
      <object_component id="oc-2c4">
         <name>.text:nikosQueueReceiveTask</name>
         <load_address>0x1080</load_address>
         <run_address>0x1080</run_address>
         <size>0x104</size>
         <input_file_ref idref="fl-1f"/>
      </object_component>
      <object_component id="oc-4dc">
         <name>.text:prvProcessReceivedCommands</name>
         <load_address>0x1188</load_address>
         <run_address>0x1188</run_address>
         <size>0x100</size>
         <input_file_ref idref="fl-9"/>
      </object_component>
      <object_component id="oc-34c">
         <name>.text:xPortStartScheduler</name>
         <load_address>0x1288</load_address>
         <run_address>0x1288</run_address>
         <size>0xdc</size>
         <input_file_ref idref="fl-a"/>
      </object_component>
      <object_component id="oc-44">
         <name>.text</name>
         <load_address>0x1364</load_address>
         <run_address>0x1364</run_address>
         <size>0xda</size>
         <input_file_ref idref="fl-b"/>
      </object_component>
      <object_component id="oc-3a1">
         <name>.text:__PCM_setCoreVoltageLevelAdvanced</name>
         <load_address>0x1440</load_address>
         <run_address>0x1440</run_address>
         <size>0xd4</size>
         <input_file_ref idref="fl-26"/>
      </object_component>
      <object_component id="oc-cd">
         <name>.text:vTaskNotifyGiveFromISR</name>
         <load_address>0x1518</load_address>
         <run_address>0x1518</run_address>
         <size>0xd4</size>
         <input_file_ref idref="fl-8"/>
      </object_component>
      <object_component id="oc-c7">
         <name>.text:xQueueGenericSendFromISR</name>
         <load_address>0x15f0</load_address>
         <run_address>0x15f0</run_address>
         <size>0xce</size>
         <input_file_ref idref="fl-6"/>
      </object_component>
      <object_component id="oc-339">
         <name>.text:prvInitialiseNewTask</name>
         <load_address>0x16c0</load_address>
         <run_address>0x16c0</run_address>
         <size>0xc6</size>
         <input_file_ref idref="fl-8"/>
      </object_component>
      <object_component id="oc-231">
         <name>.text:xTaskPriorityDisinherit</name>
         <load_address>0x1788</load_address>
         <run_address>0x1788</run_address>
         <size>0xc0</size>
         <input_file_ref idref="fl-8"/>
      </object_component>
      <object_component id="oc-378">
         <name>.text:vTaskDelayUntil</name>
         <load_address>0x1848</load_address>
         <run_address>0x1848</run_address>
         <size>0xb8</size>
         <input_file_ref idref="fl-8"/>
      </object_component>
      <object_component id="oc-33f">
         <name>.text:prvAddNewTaskToReadyList</name>
         <load_address>0x1900</load_address>
         <run_address>0x1900</run_address>
         <size>0xb4</size>
         <input_file_ref idref="fl-8"/>
      </object_component>
      <object_component id="oc-4f">
         <name>.text:vUART_Handler</name>
         <load_address>0x19b8</load_address>
         <run_address>0x19b8</run_address>
         <size>0xb4</size>
         <input_file_ref idref="fl-14"/>
      </object_component>
      <object_component id="oc-b9">
         <name>.text:vTaskSwitchContext</name>
         <load_address>0x1a70</load_address>
         <run_address>0x1a70</run_address>
         <size>0xb0</size>
         <input_file_ref idref="fl-8"/>
      </object_component>
      <object_component id="oc-195">
         <name>.text:xQueueReceiveFromISR</name>
         <load_address>0x1b20</load_address>
         <run_address>0x1b20</run_address>
         <size>0x9e</size>
         <input_file_ref idref="fl-6"/>
      </object_component>
      <object_component id="oc-6f">
         <name>.text</name>
         <load_address>0x1bbe</load_address>
         <run_address>0x1bbe</run_address>
         <size>0x9c</size>
         <input_file_ref idref="fl-ee"/>
      </object_component>
      <object_component id="oc-175">
         <name>.text:xTaskRemoveFromEventList</name>
         <load_address>0x1c60</load_address>
         <run_address>0x1c60</run_address>
         <size>0x9c</size>
         <input_file_ref idref="fl-8"/>
      </object_component>
      <object_component id="oc-563">
         <name>.text:prvSwitchTimerLists</name>
         <load_address>0x1d00</load_address>
         <run_address>0x1d00</run_address>
         <size>0x94</size>
         <input_file_ref idref="fl-9"/>
      </object_component>
      <object_component id="oc-452">
         <name>.text:xTaskCheckForTimeOut</name>
         <load_address>0x1d98</load_address>
         <run_address>0x1d98</run_address>
         <size>0x94</size>
         <input_file_ref idref="fl-8"/>
      </object_component>
      <object_component id="oc-1d6">
         <name>.text:main_blinky</name>
         <load_address>0x1e30</load_address>
         <run_address>0x1e30</run_address>
         <size>0x90</size>
         <input_file_ref idref="fl-1f"/>
      </object_component>
      <object_component id="oc-3d7">
         <name>.text:xQueueGenericReset</name>
         <load_address>0x1ec0</load_address>
         <run_address>0x1ec0</run_address>
         <size>0x90</size>
         <input_file_ref idref="fl-6"/>
      </object_component>
      <object_component id="oc-45a">
         <name>.text:prvAddCurrentTaskToDelayedList</name>
         <load_address>0x1f50</load_address>
         <run_address>0x1f50</run_address>
         <size>0x88</size>
         <input_file_ref idref="fl-8"/>
      </object_component>
      <object_component id="oc-333">
         <name>.text:vPortFree</name>
         <load_address>0x1fd8</load_address>
         <run_address>0x1fd8</run_address>
         <size>0x88</size>
         <input_file_ref idref="fl-c"/>
      </object_component>
      <object_component id="oc-2ac">
         <name>.text:vTaskStartScheduler</name>
         <load_address>0x2060</load_address>
         <run_address>0x2060</run_address>
         <size>0x84</size>
         <input_file_ref idref="fl-8"/>
      </object_component>
      <object_component id="oc-352">
         <name>.text:prvIdleTask</name>
         <load_address>0x20e8</load_address>
         <run_address>0x20e8</run_address>
         <size>0x7c</size>
         <input_file_ref idref="fl-8"/>
      </object_component>
      <object_component id="oc-7b">
         <name>.text</name>
         <load_address>0x2164</load_address>
         <run_address>0x2164</run_address>
         <size>0x7a</size>
         <input_file_ref idref="fl-ef"/>
      </object_component>
      <object_component id="oc-31f">
         <name>.text:Interrupt_enableInterrupt</name>
         <load_address>0x21e0</load_address>
         <run_address>0x21e0</run_address>
         <size>0x78</size>
         <input_file_ref idref="fl-25"/>
      </object_component>
      <object_component id="oc-3b4">
         <name>.text:prvHeapInit</name>
         <load_address>0x2258</load_address>
         <run_address>0x2258</run_address>
         <size>0x78</size>
         <input_file_ref idref="fl-c"/>
      </object_component>
      <object_component id="oc-54e">
         <name>.text:xTimerGenericCommand</name>
         <load_address>0x22d0</load_address>
         <run_address>0x22d0</run_address>
         <size>0x74</size>
         <input_file_ref idref="fl-9"/>
      </object_component>
      <object_component id="oc-16f">
         <name>.text:prvCopyDataToQueue</name>
         <load_address>0x2348</load_address>
         <run_address>0x2348</run_address>
         <size>0x70</size>
         <input_file_ref idref="fl-6"/>
      </object_component>
      <object_component id="oc-3f2">
         <name>.text:prvInitialiseTaskLists</name>
         <load_address>0x23b8</load_address>
         <run_address>0x23b8</run_address>
         <size>0x70</size>
         <input_file_ref idref="fl-8"/>
      </object_component>
      <object_component id="oc-4d6">
         <name>.text:prvProcessTimerOrBlockTask</name>
         <load_address>0x2428</load_address>
         <run_address>0x2428</run_address>
         <size>0x70</size>
         <input_file_ref idref="fl-9"/>
      </object_component>
      <object_component id="oc-93">
         <name>.text</name>
         <load_address>0x2498</load_address>
         <run_address>0x2498</run_address>
         <size>0x70</size>
         <input_file_ref idref="fl-fc"/>
      </object_component>
      <object_component id="oc-412">
         <name>.text:vPortSetupTimerInterrupt</name>
         <load_address>0x2508</load_address>
         <run_address>0x2508</run_address>
         <size>0x70</size>
         <input_file_ref idref="fl-a"/>
      </object_component>
      <object_component id="oc-446">
         <name>.text:prvUnlockQueue</name>
         <load_address>0x2578</load_address>
         <run_address>0x2578</run_address>
         <size>0x6c</size>
         <input_file_ref idref="fl-6"/>
      </object_component>
      <object_component id="oc-a9">
         <name>.text:SystemInit</name>
         <load_address>0x25e8</load_address>
         <run_address>0x25e8</run_address>
         <size>0x68</size>
         <input_file_ref idref="fl-2d"/>
      </object_component>
      <object_component id="oc-13">
         <name>.text:decompress:lzss</name>
         <load_address>0x2650</load_address>
         <run_address>0x2650</run_address>
         <size>0x68</size>
         <input_file_ref idref="fl-e8"/>
      </object_component>
      <object_component id="oc-3ba">
         <name>.text:prvInsertBlockIntoFreeList</name>
         <load_address>0x26b8</load_address>
         <run_address>0x26b8</run_address>
         <size>0x68</size>
         <input_file_ref idref="fl-c"/>
      </object_component>
      <object_component id="oc-2a6">
         <name>.text:xTaskCreate</name>
         <load_address>0x2720</load_address>
         <run_address>0x2720</run_address>
         <size>0x68</size>
         <input_file_ref idref="fl-8"/>
      </object_component>
      <object_component id="oc-169">
         <name>.text:vPortValidateInterruptPriority</name>
         <load_address>0x2788</load_address>
         <run_address>0x2788</run_address>
         <size>0x64</size>
         <input_file_ref idref="fl-a"/>
      </object_component>
      <object_component id="oc-541">
         <name>.text:prvProcessExpiredTimer</name>
         <load_address>0x27f0</load_address>
         <run_address>0x27f0</run_address>
         <size>0x60</size>
         <input_file_ref idref="fl-9"/>
      </object_component>
      <object_component id="oc-1d0">
         <name>.text:prvSetupHardware</name>
         <load_address>0x2850</load_address>
         <run_address>0x2850</run_address>
         <size>0x60</size>
         <input_file_ref idref="fl-2"/>
      </object_component>
      <object_component id="oc-2b8">
         <name>.text:prvQueueReceiveTask</name>
         <load_address>0x28b0</load_address>
         <run_address>0x28b0</run_address>
         <size>0x5c</size>
         <input_file_ref idref="fl-1f"/>
      </object_component>
      <object_component id="oc-425">
         <name>.text:prvCheckTasksWaitingTermination</name>
         <load_address>0x2910</load_address>
         <run_address>0x2910</run_address>
         <size>0x58</size>
         <input_file_ref idref="fl-8"/>
      </object_component>
      <object_component id="oc-346">
         <name>.text:xTimerCreateTimerTask</name>
         <load_address>0x2968</load_address>
         <run_address>0x2968</run_address>
         <size>0x58</size>
         <input_file_ref idref="fl-9"/>
      </object_component>
      <object_component id="oc-281">
         <name>.text:GPIO_setAsPeripheralModuleFunctionInputPin</name>
         <load_address>0x29c0</load_address>
         <run_address>0x29c0</run_address>
         <size>0x54</size>
         <input_file_ref idref="fl-24"/>
      </object_component>
      <object_component id="oc-58c">
         <name>.text:_CSGetDOCFrequency</name>
         <load_address>0x2a18</load_address>
         <run_address>0x2a18</run_address>
         <size>0x54</size>
         <input_file_ref idref="fl-21"/>
      </object_component>
      <object_component id="oc-548">
         <name>.text:prvInsertTimerInActiveList</name>
         <load_address>0x2a70</load_address>
         <run_address>0x2a70</run_address>
         <size>0x54</size>
         <input_file_ref idref="fl-9"/>
      </object_component>
      <object_component id="oc-25">
         <name>.text</name>
         <load_address>0x2ac4</load_address>
         <run_address>0x2ac4</run_address>
         <size>0x54</size>
         <input_file_ref idref="fl-e7"/>
      </object_component>
      <object_component id="oc-9f">
         <name>.text</name>
         <load_address>0x2b18</load_address>
         <run_address>0x2b18</run_address>
         <size>0x54</size>
         <input_file_ref idref="fl-eb"/>
      </object_component>
      <object_component id="oc-36a">
         <name>.text:vTaskDelay</name>
         <load_address>0x2b70</load_address>
         <run_address>0x2b70</run_address>
         <size>0x54</size>
         <input_file_ref idref="fl-8"/>
      </object_component>
      <object_component id="oc-573">
         <name>.text:_CSGetDividerValue</name>
         <load_address>0x2bc8</load_address>
         <run_address>0x2bc8</run_address>
         <size>0x52</size>
         <input_file_ref idref="fl-21"/>
      </object_component>
      <object_component id="oc-479">
         <name>.text:PCM_getCoreVoltageLevel</name>
         <load_address>0x2c20</load_address>
         <run_address>0x2c20</run_address>
         <size>0x50</size>
         <input_file_ref idref="fl-26"/>
      </object_component>
      <object_component id="oc-419">
         <name>.text:prvGetExpectedIdleTime</name>
         <load_address>0x2c70</load_address>
         <run_address>0x2c70</run_address>
         <size>0x50</size>
         <input_file_ref idref="fl-8"/>
      </object_component>
      <object_component id="oc-592">
         <name>.text:SysCtl_getTLVInfo</name>
         <load_address>0x2cc0</load_address>
         <run_address>0x2cc0</run_address>
         <size>0x4c</size>
         <input_file_ref idref="fl-27"/>
      </object_component>
      <object_component id="oc-3ff">
         <name>.text:prvCheckForValidListAndQueue</name>
         <load_address>0x2d10</load_address>
         <run_address>0x2d10</run_address>
         <size>0x4c</size>
         <input_file_ref idref="fl-9"/>
      </object_component>
      <object_component id="oc-116">
         <name>.text</name>
         <load_address>0x2d5c</load_address>
         <run_address>0x2d5c</run_address>
         <size>0x4c</size>
         <input_file_ref idref="fl-fd"/>
      </object_component>
      <object_component id="oc-2a0">
         <name>.text:xQueueGenericCreate</name>
         <load_address>0x2da8</load_address>
         <run_address>0x2da8</run_address>
         <size>0x4c</size>
         <input_file_ref idref="fl-6"/>
      </object_component>
      <object_component id="oc-294">
         <name>.text:prvConfigureClocks</name>
         <load_address>0x2df8</load_address>
         <run_address>0x2df8</run_address>
         <size>0x4a</size>
         <input_file_ref idref="fl-1f"/>
      </object_component>
      <object_component id="oc-2ca">
         <name>.text:nikosQueueSendTask</name>
         <load_address>0x2e48</load_address>
         <run_address>0x2e48</run_address>
         <size>0x48</size>
         <input_file_ref idref="fl-1f"/>
      </object_component>
      <object_component id="oc-2be">
         <name>.text:prvQueueSendTask</name>
         <load_address>0x2e90</load_address>
         <run_address>0x2e90</run_address>
         <size>0x48</size>
         <input_file_ref idref="fl-1f"/>
      </object_component>
      <object_component id="oc-53b">
         <name>.text:vQueueWaitForMessageRestricted</name>
         <load_address>0x2ed8</load_address>
         <run_address>0x2ed8</run_address>
         <size>0x48</size>
         <input_file_ref idref="fl-6"/>
      </object_component>
      <object_component id="oc-3ec">
         <name>.text:vPortEnterCritical</name>
         <load_address>0x2f20</load_address>
         <run_address>0x2f20</run_address>
         <size>0x44</size>
         <input_file_ref idref="fl-a"/>
      </object_component>
      <object_component id="oc-569">
         <name>.text:vTaskPlaceOnEventListRestricted</name>
         <load_address>0x2f68</load_address>
         <run_address>0x2f68</run_address>
         <size>0x40</size>
         <input_file_ref idref="fl-8"/>
      </object_component>
      <object_component id="oc-4eb">
         <name>.text:eTaskConfirmSleepModeStatus</name>
         <load_address>0x2fa8</load_address>
         <run_address>0x2fa8</run_address>
         <size>0x3c</size>
         <input_file_ref idref="fl-8"/>
      </object_component>
      <object_component id="oc-473">
         <name>.text:PCM_getPowerMode</name>
         <load_address>0x2fe8</load_address>
         <run_address>0x2fe8</run_address>
         <size>0x3a</size>
         <input_file_ref idref="fl-26"/>
      </object_component>
      <object_component id="oc-4ac">
         <name>.text:prvTaskExitError</name>
         <load_address>0x3028</load_address>
         <run_address>0x3028</run_address>
         <size>0x38</size>
         <input_file_ref idref="fl-a"/>
      </object_component>
      <object_component id="oc-55">
         <name>.text:vT32_0_Handler</name>
         <load_address>0x3060</load_address>
         <run_address>0x3060</run_address>
         <size>0x38</size>
         <input_file_ref idref="fl-e"/>
      </object_component>
      <object_component id="oc-5b">
         <name>.text:vT32_1_Handler</name>
         <load_address>0x3098</load_address>
         <run_address>0x3098</run_address>
         <size>0x38</size>
         <input_file_ref idref="fl-e"/>
      </object_component>
      <object_component id="oc-440">
         <name>.text:vTaskPlaceOnEventList</name>
         <load_address>0x30d0</load_address>
         <run_address>0x30d0</run_address>
         <size>0x38</size>
         <input_file_ref idref="fl-8"/>
      </object_component>
      <object_component id="oc-508">
         <name>.text:vListInsert</name>
         <load_address>0x3108</load_address>
         <run_address>0x3108</run_address>
         <size>0x34</size>
         <input_file_ref idref="fl-5"/>
      </object_component>
      <object_component id="oc-4f7">
         <name>.text:vTaskStepTick</name>
         <load_address>0x3140</load_address>
         <run_address>0x3140</run_address>
         <size>0x34</size>
         <input_file_ref idref="fl-8"/>
      </object_component>
      <object_component id="oc-2fa">
         <name>.text:FlashCtl_setWaitState</name>
         <load_address>0x3178</load_address>
         <run_address>0x3178</run_address>
         <size>0x30</size>
         <input_file_ref idref="fl-22"/>
      </object_component>
      <object_component id="oc-14d">
         <name>.text:prvResetNextTaskUnblockTime</name>
         <load_address>0x31a8</load_address>
         <run_address>0x31a8</run_address>
         <size>0x30</size>
         <input_file_ref idref="fl-8"/>
      </object_component>
      <object_component id="oc-3f8">
         <name>.text:vPortExitCritical</name>
         <load_address>0x31d8</load_address>
         <run_address>0x31d8</run_address>
         <size>0x30</size>
         <input_file_ref idref="fl-a"/>
      </object_component>
      <object_component id="oc-300">
         <name>.text:CS_setDCOCenteredFrequency</name>
         <load_address>0x3208</load_address>
         <run_address>0x3208</run_address>
         <size>0x2c</size>
         <input_file_ref idref="fl-21"/>
      </object_component>
      <object_component id="oc-313">
         <name>.text:GPIO_setAsInputPinWithPullUpResistor</name>
         <load_address>0x3238</load_address>
         <run_address>0x3238</run_address>
         <size>0x2c</size>
         <input_file_ref idref="fl-24"/>
      </object_component>
      <object_component id="oc-539">
         <name>.text:prvSampleTimeNow</name>
         <load_address>0x3268</load_address>
         <run_address>0x3268</run_address>
         <size>0x2c</size>
         <input_file_ref idref="fl-9"/>
      </object_component>
      <object_component id="oc-3e5">
         <name>.text:pxPortInitialiseStack</name>
         <load_address>0x3298</load_address>
         <run_address>0x3298</run_address>
         <size>0x2c</size>
         <input_file_ref idref="fl-a"/>
      </object_component>
      <object_component id="oc-49">
         <name>.text:xPortSysTickHandler</name>
         <load_address>0x32c8</load_address>
         <run_address>0x32c8</run_address>
         <size>0x2c</size>
         <input_file_ref idref="fl-a"/>
      </object_component>
      <object_component id="oc-1a1">
         <name>.text:xQueueIsQueueFullFromISR</name>
         <load_address>0x32f8</load_address>
         <run_address>0x32f8</run_address>
         <size>0x2c</size>
         <input_file_ref idref="fl-6"/>
      </object_component>
      <object_component id="oc-57f">
         <name>.text:CS_clearInterruptFlag</name>
         <load_address>0x3328</load_address>
         <run_address>0x3328</run_address>
         <size>0x28</size>
         <input_file_ref idref="fl-21"/>
      </object_component>
      <object_component id="oc-24a">
         <name>.text:prvCopyDataFromQueue</name>
         <load_address>0x3350</load_address>
         <run_address>0x3350</run_address>
         <size>0x28</size>
         <input_file_ref idref="fl-6"/>
      </object_component>
      <object_component id="oc-153">
         <name>.text:uxListRemove</name>
         <load_address>0x3378</load_address>
         <run_address>0x3378</run_address>
         <size>0x26</size>
         <input_file_ref idref="fl-5"/>
      </object_component>
      <object_component id="oc-4d0">
         <name>.text:prvGetNextExpireTime</name>
         <load_address>0x33a0</load_address>
         <run_address>0x33a0</run_address>
         <size>0x24</size>
         <input_file_ref idref="fl-9"/>
      </object_component>
      <object_component id="oc-28d">
         <name>.text:GPIO_setAsOutputPin</name>
         <load_address>0x33c8</load_address>
         <run_address>0x33c8</run_address>
         <size>0x20</size>
         <input_file_ref idref="fl-24"/>
      </object_component>
      <object_component id="oc-1b1">
         <name>.text:prvRecordValue_NormallyEmpty</name>
         <load_address>0x33e8</load_address>
         <run_address>0x33e8</run_address>
         <size>0x20</size>
         <input_file_ref idref="fl-17"/>
      </object_component>
      <object_component id="oc-19b">
         <name>.text:prvRecordValue_NormallyFull</name>
         <load_address>0x3408</load_address>
         <run_address>0x3408</run_address>
         <size>0x20</size>
         <input_file_ref idref="fl-17"/>
      </object_component>
      <object_component id="oc-434">
         <name>.text:xTaskGetSchedulerState</name>
         <load_address>0x3428</load_address>
         <run_address>0x3428</run_address>
         <size>0x20</size>
         <input_file_ref idref="fl-8"/>
      </object_component>
      <object_component id="oc-32c">
         <name>.text:prvInitialiseNewQueue</name>
         <load_address>0x3448</load_address>
         <run_address>0x3448</run_address>
         <size>0x1e</size>
         <input_file_ref idref="fl-6"/>
      </object_component>
      <object_component id="oc-463">
         <name>.text:prvIsQueueFull</name>
         <load_address>0x3468</load_address>
         <run_address>0x3468</run_address>
         <size>0x1e</size>
         <input_file_ref idref="fl-6"/>
      </object_component>
      <object_component id="oc-4a4">
         <name>.text:vListInitialise</name>
         <load_address>0x3488</load_address>
         <run_address>0x3488</run_address>
         <size>0x1e</size>
         <input_file_ref idref="fl-5"/>
      </object_component>
      <object_component id="oc-29a">
         <name>.text:prvConfigureButton</name>
         <load_address>0x34a8</load_address>
         <run_address>0x34a8</run_address>
         <size>0x1a</size>
         <input_file_ref idref="fl-1f"/>
      </object_component>
      <object_component id="oc-43a">
         <name>.text:prvIsQueueEmpty</name>
         <load_address>0x34c8</load_address>
         <run_address>0x34c8</run_address>
         <size>0x1a</size>
         <input_file_ref idref="fl-6"/>
      </object_component>
      <object_component id="oc-40b">
         <name>.text:prvTimerTask</name>
         <load_address>0x34e8</load_address>
         <run_address>0x34e8</run_address>
         <size>0x1a</size>
         <input_file_ref idref="fl-9"/>
      </object_component>
      <object_component id="oc-4e3">
         <name>.text:CS_getMCLK</name>
         <load_address>0x3508</load_address>
         <run_address>0x3508</run_address>
         <size>0x18</size>
         <input_file_ref idref="fl-21"/>
      </object_component>
      <object_component id="oc-2c">
         <name>.text:resetISR</name>
         <load_address>0x3520</load_address>
         <run_address>0x3520</run_address>
         <size>0x18</size>
         <input_file_ref idref="fl-2b"/>
      </object_component>
      <object_component id="oc-99">
         <name>.text</name>
         <load_address>0x3538</load_address>
         <run_address>0x3538</run_address>
         <size>0x18</size>
         <input_file_ref idref="fl-fb"/>
      </object_component>
      <object_component id="oc-159">
         <name>.text:vListInsertEnd</name>
         <load_address>0x3550</load_address>
         <run_address>0x3550</run_address>
         <size>0x18</size>
         <input_file_ref idref="fl-5"/>
      </object_component>
      <object_component id="oc-44c">
         <name>.text:vTaskInternalSetTimeOutState</name>
         <load_address>0x3568</load_address>
         <run_address>0x3568</run_address>
         <size>0x18</size>
         <input_file_ref idref="fl-8"/>
      </object_component>
      <object_component id="oc-319">
         <name>.text:GPIO_enableInterrupt</name>
         <load_address>0x3580</load_address>
         <run_address>0x3580</run_address>
         <size>0x14</size>
         <input_file_ref idref="fl-24"/>
      </object_component>
      <object_component id="oc-287">
         <name>.text:GPIO_setOutputLowOnPin</name>
         <load_address>0x3598</load_address>
         <run_address>0x3598</run_address>
         <size>0x14</size>
         <input_file_ref idref="fl-24"/>
      </object_component>
      <object_component id="oc-364">
         <name>.text:GPIO_toggleOutputOnPin</name>
         <load_address>0x35b0</load_address>
         <run_address>0x35b0</run_address>
         <size>0x14</size>
         <input_file_ref idref="fl-24"/>
      </object_component>
      <object_component id="oc-1b7">
         <name>.text:prvQueueAccessLogError</name>
         <load_address>0x35c8</load_address>
         <run_address>0x35c8</run_address>
         <size>0x14</size>
         <input_file_ref idref="fl-17"/>
      </object_component>
      <object_component id="oc-1e6">
         <name>.text</name>
         <load_address>0x35dc</load_address>
         <run_address>0x35dc</run_address>
         <size>0x14</size>
         <input_file_ref idref="fl-fa"/>
      </object_component>
      <object_component id="oc-4fe">
         <name>.text:prvDeleteTCB</name>
         <load_address>0x35f0</load_address>
         <run_address>0x35f0</run_address>
         <size>0x12</size>
         <input_file_ref idref="fl-8"/>
      </object_component>
      <object_component id="oc-3c6">
         <name>.text:vApplicationMallocFailedHook</name>
         <load_address>0x3608</load_address>
         <run_address>0x3608</run_address>
         <size>0x12</size>
         <input_file_ref idref="fl-2"/>
      </object_component>
      <object_component id="oc-143">
         <name>.text:vApplicationStackOverflowHook</name>
         <load_address>0x3620</load_address>
         <run_address>0x3620</run_address>
         <size>0x12</size>
         <input_file_ref idref="fl-2"/>
      </object_component>
      <object_component id="oc-27b">
         <name>.text:FPU_enableModule</name>
         <load_address>0x3638</load_address>
         <run_address>0x3638</run_address>
         <size>0x10</size>
         <input_file_ref idref="fl-23"/>
      </object_component>
      <object_component id="oc-3ae">
         <name>.text:vTaskSuspendAll</name>
         <load_address>0x3648</load_address>
         <run_address>0x3648</run_address>
         <size>0x10</size>
         <input_file_ref idref="fl-8"/>
      </object_component>
      <object_component id="oc-19">
         <name>.text:decompress:none</name>
         <load_address>0x3658</load_address>
         <run_address>0x3658</run_address>
         <size>0xe</size>
         <input_file_ref idref="fl-e9"/>
      </object_component>
      <object_component id="oc-124">
         <name>.text:main</name>
         <load_address>0x3668</load_address>
         <run_address>0x3668</run_address>
         <size>0xe</size>
         <input_file_ref idref="fl-2"/>
      </object_component>
      <object_component id="oc-47f">
         <name>.text:PCM_getPowerState</name>
         <load_address>0x3678</load_address>
         <run_address>0x3678</run_address>
         <size>0xc</size>
         <input_file_ref idref="fl-26"/>
      </object_component>
      <object_component id="oc-1f">
         <name>.text:decompress:ZI</name>
         <load_address>0x3684</load_address>
         <run_address>0x3684</run_address>
         <size>0xc</size>
         <input_file_ref idref="fl-ea"/>
      </object_component>
      <object_component id="oc-50f">
         <name>.text:vTaskMissedYield</name>
         <load_address>0x3690</load_address>
         <run_address>0x3690</run_address>
         <size>0xc</size>
         <input_file_ref idref="fl-8"/>
      </object_component>
      <object_component id="oc-372">
         <name>.text:xTaskGetTickCount</name>
         <load_address>0x36a0</load_address>
         <run_address>0x36a0</run_address>
         <size>0xc</size>
         <input_file_ref idref="fl-8"/>
      </object_component>
      <object_component id="oc-30c">
         <name>.text:PCM_setCoreVoltageLevel</name>
         <load_address>0x36b0</load_address>
         <run_address>0x36b0</run_address>
         <size>0x8</size>
         <input_file_ref idref="fl-26"/>
      </object_component>
      <object_component id="oc-485">
         <name>.text:PCM_setPowerMode</name>
         <load_address>0x36b8</load_address>
         <run_address>0x36b8</run_address>
         <size>0x8</size>
         <input_file_ref idref="fl-26"/>
      </object_component>
      <object_component id="oc-3df">
         <name>.text:vListInitialiseItem</name>
         <load_address>0x36c0</load_address>
         <run_address>0x36c0</run_address>
         <size>0x6</size>
         <input_file_ref idref="fl-5"/>
      </object_component>
      <object_component id="oc-3e">
         <name>.text:defaultISR</name>
         <load_address>0x36c8</load_address>
         <run_address>0x36c8</run_address>
         <size>0x2</size>
         <input_file_ref idref="fl-2b"/>
      </object_component>
      <object_component id="oc-38">
         <name>.text:faultISR</name>
         <load_address>0x36d0</load_address>
         <run_address>0x36d0</run_address>
         <size>0x2</size>
         <input_file_ref idref="fl-2b"/>
      </object_component>
      <object_component id="oc-32">
         <name>.text:nmiISR</name>
         <load_address>0x36d8</load_address>
         <run_address>0x36d8</run_address>
         <size>0x2</size>
         <input_file_ref idref="fl-2b"/>
      </object_component>
      <object_component id="oc-42b">
         <name>.text:vApplicationIdleHook</name>
         <load_address>0x36e0</load_address>
         <run_address>0x36e0</run_address>
         <size>0x2</size>
         <input_file_ref idref="fl-2"/>
      </object_component>
      <object_component id="oc-15f">
         <name>.text:vApplicationTickHook</name>
         <load_address>0x36e8</load_address>
         <run_address>0x36e8</run_address>
         <size>0x2</size>
         <input_file_ref idref="fl-1f"/>
      </object_component>
      <object_component id="oc-4f1">
         <name>.text:vPreSleepProcessing</name>
         <load_address>0x36f0</load_address>
         <run_address>0x36f0</run_address>
         <size>0x2</size>
         <input_file_ref idref="fl-1f"/>
      </object_component>
      <object_component id="oc-3aa">
         <name>.const:g_pulEnRegs</name>
         <load_address>0x36f4</load_address>
         <run_address>0x36f4</run_address>
         <size>0x8</size>
         <input_file_ref idref="fl-25"/>
      </object_component>
      <object_component id="oc-370">
         <name>.const</name>
         <load_address>0x36fc</load_address>
         <run_address>0x36fc</run_address>
         <size>0x8</size>
         <input_file_ref idref="fl-1f"/>
      </object_component>
      <object_component id="oc-b6">
         <name>.const</name>
         <load_address>0x3704</load_address>
         <run_address>0x3704</run_address>
         <size>0x8</size>
         <input_file_ref idref="fl-a"/>
      </object_component>
      <object_component id="oc-3cf">
         <name>.const</name>
         <load_address>0x370c</load_address>
         <run_address>0x370c</run_address>
         <size>0x4</size>
         <input_file_ref idref="fl-c"/>
      </object_component>
      <object_component id="oc-d6">
         <name>.const</name>
         <load_address>0x3710</load_address>
         <run_address>0x3710</run_address>
         <size>0x4</size>
         <input_file_ref idref="fl-14"/>
      </object_component>
      <object_component id="oc-5ca">
         <name>.cinit..data.load</name>
         <load_address>0x3718</load_address>
         <run_address>0x3718</run_address>
         <size>0x43</size>
      </object_component>
      <object_component id="oc-5c8">
         <name>__TI_handler_table</name>
         <load_address>0x375c</load_address>
         <run_address>0x375c</run_address>
         <size>0xc</size>
      </object_component>
      <object_component id="oc-5cb">
         <name>.cinit..bss.load</name>
         <load_address>0x3768</load_address>
         <run_address>0x3768</run_address>
         <size>0x8</size>
      </object_component>
      <object_component id="oc-5c9">
         <name>__TI_cinit_table</name>
         <load_address>0x3770</load_address>
         <run_address>0x3770</run_address>
         <size>0x10</size>
      </object_component>
      <object_component id="oc-b3">
         <name>.data</name>
         <load_address>0x2000cae4</load_address>
         <run_address>0x2000cae4</run_address>
         <size>0x34</size>
         <input_file_ref idref="fl-8"/>
      </object_component>
      <object_component id="oc-405">
         <name>.data</name>
         <load_address>0x2000cb8c</load_address>
         <run_address>0x2000cb8c</run_address>
         <size>0xc</size>
         <input_file_ref idref="fl-9"/>
      </object_component>
      <object_component id="oc-22d">
         <name>.data</name>
         <load_address>0x2000cb48</load_address>
         <run_address>0x2000cb48</run_address>
         <size>0x18</size>
         <input_file_ref idref="fl-a"/>
      </object_component>
      <object_component id="oc-3cc">
         <name>.data</name>
         <load_address>0x2000cb60</load_address>
         <run_address>0x2000cb60</run_address>
         <size>0x10</size>
         <input_file_ref idref="fl-c"/>
      </object_component>
      <object_component id="oc-d3">
         <name>.data</name>
         <load_address>0x2000cb70</load_address>
         <run_address>0x2000cb70</run_address>
         <size>0x10</size>
         <input_file_ref idref="fl-14"/>
      </object_component>
      <object_component id="oc-1a7">
         <name>.data</name>
         <load_address>0x2000caa8</load_address>
         <run_address>0x2000caa8</run_address>
         <size>0x3c</size>
         <input_file_ref idref="fl-17"/>
      </object_component>
      <object_component id="oc-25e">
         <name>.data:ucNormallyEmptyReceivedValues</name>
         <load_address>0x2000c918</load_address>
         <run_address>0x2000c918</run_address>
         <size>0xc8</size>
         <input_file_ref idref="fl-17"/>
      </object_component>
      <object_component id="oc-251">
         <name>.data:ucNormallyFullReceivedValues</name>
         <load_address>0x2000c9e0</load_address>
         <run_address>0x2000c9e0</run_address>
         <size>0xc8</size>
         <input_file_ref idref="fl-17"/>
      </object_component>
      <object_component id="oc-2b2">
         <name>.data</name>
         <load_address>0x2000cba0</load_address>
         <run_address>0x2000cba0</run_address>
         <size>0x8</size>
         <input_file_ref idref="fl-1f"/>
      </object_component>
      <object_component id="oc-2f4">
         <name>.data:GPIO_PORT_TO_BASE</name>
         <load_address>0x2000cb18</load_address>
         <run_address>0x2000cb18</run_address>
         <size>0x30</size>
         <input_file_ref idref="fl-24"/>
      </object_component>
      <object_component id="oc-12c">
         <name>.data:$O1$$</name>
         <load_address>0x2000cb80</load_address>
         <run_address>0x2000cb80</run_address>
         <size>0xc</size>
         <input_file_ref idref="fl-eb"/>
      </object_component>
      <object_component id="oc-a5">
         <name>.data</name>
         <load_address>0x2000cba8</load_address>
         <run_address>0x2000cba8</run_address>
         <size>0x4</size>
         <input_file_ref idref="fl-f2"/>
      </object_component>
      <object_component id="oc-12f">
         <name>.data:$O1$$</name>
         <load_address>0x2000cb98</load_address>
         <run_address>0x2000cb98</run_address>
         <size>0x8</size>
         <input_file_ref idref="fl-fa"/>
      </object_component>
      <object_component id="oc-149">
         <name>.bss:pxReadyTasksLists</name>
         <uninitialized>true</uninitialized>
         <run_address>0x2000c800</run_address>
         <size>0x64</size>
         <input_file_ref idref="fl-8"/>
      </object_component>
      <object_component id="oc-4b4">
         <name>.bss:xDelayedTaskList1</name>
         <uninitialized>true</uninitialized>
         <run_address>0x2000c88c</run_address>
         <size>0x14</size>
         <input_file_ref idref="fl-8"/>
      </object_component>
      <object_component id="oc-4b7">
         <name>.bss:xDelayedTaskList2</name>
         <uninitialized>true</uninitialized>
         <run_address>0x2000c8a0</run_address>
         <size>0x14</size>
         <input_file_ref idref="fl-8"/>
      </object_component>
      <object_component id="oc-165">
         <name>.bss</name>
         <uninitialized>true</uninitialized>
         <run_address>0x2000c900</run_address>
         <size>0x8</size>
         <input_file_ref idref="fl-8"/>
      </object_component>
      <object_component id="oc-182">
         <name>.bss:xPendingReadyList</name>
         <uninitialized>true</uninitialized>
         <run_address>0x2000c8b4</run_address>
         <size>0x14</size>
         <input_file_ref idref="fl-8"/>
      </object_component>
      <object_component id="oc-4ba">
         <name>.bss:xTasksWaitingTermination</name>
         <uninitialized>true</uninitialized>
         <run_address>0x2000c8dc</run_address>
         <size>0x14</size>
         <input_file_ref idref="fl-8"/>
      </object_component>
      <object_component id="oc-4bd">
         <name>.bss:xSuspendedTaskList</name>
         <uninitialized>true</uninitialized>
         <run_address>0x2000c8c8</run_address>
         <size>0x14</size>
         <input_file_ref idref="fl-8"/>
      </object_component>
      <object_component id="oc-4c2">
         <name>.bss:xActiveTimerList1</name>
         <uninitialized>true</uninitialized>
         <run_address>0x2000c864</run_address>
         <size>0x14</size>
         <input_file_ref idref="fl-9"/>
      </object_component>
      <object_component id="oc-4c5">
         <name>.bss:xActiveTimerList2</name>
         <uninitialized>true</uninitialized>
         <run_address>0x2000c878</run_address>
         <size>0x14</size>
         <input_file_ref idref="fl-9"/>
      </object_component>
      <object_component id="oc-4c8">
         <name>.bss</name>
         <uninitialized>true</uninitialized>
         <run_address>0x2000c908</run_address>
         <size>0x8</size>
         <input_file_ref idref="fl-9"/>
      </object_component>
      <object_component id="oc-490">
         <name>.bss:ucHeap</name>
         <uninitialized>true</uninitialized>
         <run_address>0x20000000</run_address>
         <size>0xc800</size>
         <input_file_ref idref="fl-c"/>
      </object_component>
      <object_component id="oc-3d2">
         <name>.bss:xStart</name>
         <uninitialized>true</uninitialized>
         <run_address>0x2000c910</run_address>
         <size>0x8</size>
         <input_file_ref idref="fl-c"/>
      </object_component>
      <object_component id="oc-1ad">
         <name>.bss</name>
         <uninitialized>true</uninitialized>
         <run_address>0x2000c8f0</run_address>
         <size>0x8</size>
         <input_file_ref idref="fl-17"/>
      </object_component>
      <object_component id="oc-585">
         <name>.bss</name>
         <uninitialized>true</uninitialized>
         <run_address>0x2000c8f8</run_address>
         <size>0x8</size>
         <input_file_ref idref="fl-21"/>
      </object_component>
      <object_component id="oc-2b">
         <name>.stack</name>
         <uninitialized>true</uninitialized>
         <run_address>0x2000fce0</run_address>
         <size>0x0</size>
         <input_file_ref idref="fl-e7"/>
      </object_component>
      <object_component id="oc-5cc">
         <name>.stack</name>
         <uninitialized>true</uninitialized>
         <run_address>0x2000fce0</run_address>
         <size>0x0</size>
      </object_component>
      <object_component id="oc-1be">
         <name>.debug_info</name>
         <load_address>0x0</load_address>
         <run_address>0x0</run_address>
         <size>0x662</size>
         <input_file_ref idref="fl-2"/>
      </object_component>
      <object_component id="oc-125">
         <name>.debug_info</name>
         <load_address>0x662</load_address>
         <run_address>0x662</run_address>
         <size>0x13b</size>
         <input_file_ref idref="fl-2"/>
      </object_component>
      <object_component id="oc-1d1">
         <name>.debug_info</name>
         <load_address>0x79d</load_address>
         <run_address>0x79d</run_address>
         <size>0x250</size>
         <input_file_ref idref="fl-2"/>
      </object_component>
      <object_component id="oc-3c7">
         <name>.debug_info</name>
         <load_address>0x9ed</load_address>
         <run_address>0x9ed</run_address>
         <size>0x133</size>
         <input_file_ref idref="fl-2"/>
      </object_component>
      <object_component id="oc-42c">
         <name>.debug_info</name>
         <load_address>0xb20</load_address>
         <run_address>0xb20</run_address>
         <size>0x12e</size>
         <input_file_ref idref="fl-2"/>
      </object_component>
      <object_component id="oc-144">
         <name>.debug_info</name>
         <load_address>0xc4e</load_address>
         <run_address>0xc4e</run_address>
         <size>0x16c</size>
         <input_file_ref idref="fl-2"/>
      </object_component>
      <object_component id="oc-214">
         <name>.debug_info</name>
         <load_address>0xdba</load_address>
         <run_address>0xdba</run_address>
         <size>0x315</size>
         <input_file_ref idref="fl-2"/>
      </object_component>
      <object_component id="oc-265">
         <name>.debug_info</name>
         <load_address>0x10cf</load_address>
         <run_address>0x10cf</run_address>
         <size>0xc8</size>
         <input_file_ref idref="fl-2"/>
      </object_component>
      <object_component id="oc-f9">
         <name>.debug_info</name>
         <load_address>0x1197</load_address>
         <run_address>0x1197</run_address>
         <size>0x1055</size>
         <input_file_ref idref="fl-2"/>
      </object_component>
      <object_component id="oc-f4">
         <name>.debug_info</name>
         <load_address>0x21ec</load_address>
         <run_address>0x21ec</run_address>
         <size>0x37e2</size>
         <input_file_ref idref="fl-2"/>
      </object_component>
      <object_component id="oc-5a2">
         <name>.debug_info</name>
         <load_address>0x59ce</load_address>
         <run_address>0x59ce</run_address>
         <size>0x1b5</size>
         <input_file_ref idref="fl-2"/>
      </object_component>
      <object_component id="oc-26a">
         <name>.debug_info</name>
         <load_address>0x5b83</load_address>
         <run_address>0x5b83</run_address>
         <size>0x461</size>
         <input_file_ref idref="fl-2"/>
      </object_component>
      <object_component id="oc-190">
         <name>.debug_info</name>
         <load_address>0x5fe4</load_address>
         <run_address>0x5fe4</run_address>
         <size>0x8b</size>
         <input_file_ref idref="fl-2"/>
      </object_component>
      <object_component id="oc-20d">
         <name>.debug_info</name>
         <load_address>0x606f</load_address>
         <run_address>0x606f</run_address>
         <size>0x2c</size>
         <input_file_ref idref="fl-2"/>
      </object_component>
      <object_component id="oc-df">
         <name>.debug_info</name>
         <load_address>0x609b</load_address>
         <run_address>0x609b</run_address>
         <size>0x18b</size>
         <input_file_ref idref="fl-2"/>
      </object_component>
      <object_component id="oc-da">
         <name>.debug_info</name>
         <load_address>0x6226</load_address>
         <run_address>0x6226</run_address>
         <size>0x53</size>
         <input_file_ref idref="fl-2"/>
      </object_component>
      <object_component id="oc-245">
         <name>.debug_info</name>
         <load_address>0x6279</load_address>
         <run_address>0x6279</run_address>
         <size>0xee</size>
         <input_file_ref idref="fl-2"/>
      </object_component>
      <object_component id="oc-203">
         <name>.debug_info</name>
         <load_address>0x6367</load_address>
         <run_address>0x6367</run_address>
         <size>0x14c</size>
         <input_file_ref idref="fl-2"/>
      </object_component>
      <object_component id="oc-2d5">
         <name>.debug_info</name>
         <load_address>0x64b3</load_address>
         <run_address>0x64b3</run_address>
         <size>0x4de</size>
         <input_file_ref idref="fl-3"/>
      </object_component>
      <object_component id="oc-21e">
         <name>.debug_info</name>
         <load_address>0x6991</load_address>
         <run_address>0x6991</run_address>
         <size>0x461</size>
         <input_file_ref idref="fl-3"/>
      </object_component>
      <object_component id="oc-6a">
         <name>.debug_info</name>
         <load_address>0x6df2</load_address>
         <run_address>0x6df2</run_address>
         <size>0x84</size>
         <input_file_ref idref="fl-3"/>
      </object_component>
      <object_component id="oc-395">
         <name>.debug_info</name>
         <load_address>0x6e76</load_address>
         <run_address>0x6e76</run_address>
         <size>0xcc</size>
         <input_file_ref idref="fl-3"/>
      </object_component>
      <object_component id="oc-219">
         <name>.debug_info</name>
         <load_address>0x6f42</load_address>
         <run_address>0x6f42</run_address>
         <size>0x46</size>
         <input_file_ref idref="fl-3"/>
      </object_component>
      <object_component id="oc-2d4">
         <name>.debug_info</name>
         <load_address>0x6f88</load_address>
         <run_address>0x6f88</run_address>
         <size>0x86f</size>
         <input_file_ref idref="fl-4"/>
      </object_component>
      <object_component id="oc-1f9">
         <name>.debug_info</name>
         <load_address>0x77f7</load_address>
         <run_address>0x77f7</run_address>
         <size>0x110</size>
         <input_file_ref idref="fl-4"/>
      </object_component>
      <object_component id="oc-208">
         <name>.debug_info</name>
         <load_address>0x7907</load_address>
         <run_address>0x7907</run_address>
         <size>0x461</size>
         <input_file_ref idref="fl-4"/>
      </object_component>
      <object_component id="oc-389">
         <name>.debug_info</name>
         <load_address>0x7d68</load_address>
         <run_address>0x7d68</run_address>
         <size>0x76</size>
         <input_file_ref idref="fl-4"/>
      </object_component>
      <object_component id="oc-38e">
         <name>.debug_info</name>
         <load_address>0x7dde</load_address>
         <run_address>0x7dde</run_address>
         <size>0x39</size>
         <input_file_ref idref="fl-4"/>
      </object_component>
      <object_component id="oc-1f4">
         <name>.debug_info</name>
         <load_address>0x7e17</load_address>
         <run_address>0x7e17</run_address>
         <size>0x4f</size>
         <input_file_ref idref="fl-4"/>
      </object_component>
      <object_component id="oc-228">
         <name>.debug_info</name>
         <load_address>0x7e66</load_address>
         <run_address>0x7e66</run_address>
         <size>0x4c6</size>
         <input_file_ref idref="fl-5"/>
      </object_component>
      <object_component id="oc-4a6">
         <name>.debug_info</name>
         <load_address>0x832c</load_address>
         <run_address>0x832c</run_address>
         <size>0x1ae</size>
         <input_file_ref idref="fl-5"/>
      </object_component>
      <object_component id="oc-3e1">
         <name>.debug_info</name>
         <load_address>0x84da</load_address>
         <run_address>0x84da</run_address>
         <size>0x1b6</size>
         <input_file_ref idref="fl-5"/>
      </object_component>
      <object_component id="oc-15b">
         <name>.debug_info</name>
         <load_address>0x8690</load_address>
         <run_address>0x8690</run_address>
         <size>0x209</size>
         <input_file_ref idref="fl-5"/>
      </object_component>
      <object_component id="oc-50a">
         <name>.debug_info</name>
         <load_address>0x8899</load_address>
         <run_address>0x8899</run_address>
         <size>0x234</size>
         <input_file_ref idref="fl-5"/>
      </object_component>
      <object_component id="oc-155">
         <name>.debug_info</name>
         <load_address>0x8acd</load_address>
         <run_address>0x8acd</run_address>
         <size>0x1e1</size>
         <input_file_ref idref="fl-5"/>
      </object_component>
      <object_component id="oc-181">
         <name>.debug_info</name>
         <load_address>0x8cae</load_address>
         <run_address>0x8cae</run_address>
         <size>0xa9e</size>
         <input_file_ref idref="fl-6"/>
      </object_component>
      <object_component id="oc-3d8">
         <name>.debug_info</name>
         <load_address>0x974c</load_address>
         <run_address>0x974c</run_address>
         <size>0x285</size>
         <input_file_ref idref="fl-6"/>
      </object_component>
      <object_component id="oc-2a1">
         <name>.debug_info</name>
         <load_address>0x99d1</load_address>
         <run_address>0x99d1</run_address>
         <size>0x2f2</size>
         <input_file_ref idref="fl-6"/>
      </object_component>
      <object_component id="oc-32d">
         <name>.debug_info</name>
         <load_address>0x9cc3</load_address>
         <run_address>0x9cc3</run_address>
         <size>0x2ce</size>
         <input_file_ref idref="fl-6"/>
      </object_component>
      <object_component id="oc-37f">
         <name>.debug_info</name>
         <load_address>0x9f91</load_address>
         <run_address>0x9f91</run_address>
         <size>0x4ee</size>
         <input_file_ref idref="fl-6"/>
      </object_component>
      <object_component id="oc-c8">
         <name>.debug_info</name>
         <load_address>0xa47f</load_address>
         <run_address>0xa47f</run_address>
         <size>0x3a3</size>
         <input_file_ref idref="fl-6"/>
      </object_component>
      <object_component id="oc-35f">
         <name>.debug_info</name>
         <load_address>0xa822</load_address>
         <run_address>0xa822</run_address>
         <size>0x4ab</size>
         <input_file_ref idref="fl-6"/>
      </object_component>
      <object_component id="oc-196">
         <name>.debug_info</name>
         <load_address>0xaccd</load_address>
         <run_address>0xaccd</run_address>
         <size>0x36e</size>
         <input_file_ref idref="fl-6"/>
      </object_component>
      <object_component id="oc-170">
         <name>.debug_info</name>
         <load_address>0xb03b</load_address>
         <run_address>0xb03b</run_address>
         <size>0x294</size>
         <input_file_ref idref="fl-6"/>
      </object_component>
      <object_component id="oc-24b">
         <name>.debug_info</name>
         <load_address>0xb2cf</load_address>
         <run_address>0xb2cf</run_address>
         <size>0x200</size>
         <input_file_ref idref="fl-6"/>
      </object_component>
      <object_component id="oc-447">
         <name>.debug_info</name>
         <load_address>0xb4cf</load_address>
         <run_address>0xb4cf</run_address>
         <size>0x2b1</size>
         <input_file_ref idref="fl-6"/>
      </object_component>
      <object_component id="oc-43b">
         <name>.debug_info</name>
         <load_address>0xb780</load_address>
         <run_address>0xb780</run_address>
         <size>0x203</size>
         <input_file_ref idref="fl-6"/>
      </object_component>
      <object_component id="oc-464">
         <name>.debug_info</name>
         <load_address>0xb983</load_address>
         <run_address>0xb983</run_address>
         <size>0x201</size>
         <input_file_ref idref="fl-6"/>
      </object_component>
      <object_component id="oc-1a2">
         <name>.debug_info</name>
         <load_address>0xbb84</load_address>
         <run_address>0xbb84</run_address>
         <size>0x1e3</size>
         <input_file_ref idref="fl-6"/>
      </object_component>
      <object_component id="oc-53c">
         <name>.debug_info</name>
         <load_address>0xbd67</load_address>
         <run_address>0xbd67</run_address>
         <size>0x2ed</size>
         <input_file_ref idref="fl-6"/>
      </object_component>
      <object_component id="oc-23b">
         <name>.debug_info</name>
         <load_address>0xc054</load_address>
         <run_address>0xc054</run_address>
         <size>0x1ef</size>
         <input_file_ref idref="fl-6"/>
      </object_component>
      <object_component id="oc-17c">
         <name>.debug_info</name>
         <load_address>0xc243</load_address>
         <run_address>0xc243</run_address>
         <size>0x46</size>
         <input_file_ref idref="fl-6"/>
      </object_component>
      <object_component id="oc-39a">
         <name>.debug_info</name>
         <load_address>0xc289</load_address>
         <run_address>0xc289</run_address>
         <size>0x8b9</size>
         <input_file_ref idref="fl-7"/>
      </object_component>
      <object_component id="oc-2ec">
         <name>.debug_info</name>
         <load_address>0xcb42</load_address>
         <run_address>0xcb42</run_address>
         <size>0x461</size>
         <input_file_ref idref="fl-7"/>
      </object_component>
      <object_component id="oc-46c">
         <name>.debug_info</name>
         <load_address>0xcfa3</load_address>
         <run_address>0xcfa3</run_address>
         <size>0xee</size>
         <input_file_ref idref="fl-7"/>
      </object_component>
      <object_component id="oc-10d">
         <name>.debug_info</name>
         <load_address>0xd091</load_address>
         <run_address>0xd091</run_address>
         <size>0x2c</size>
         <input_file_ref idref="fl-7"/>
      </object_component>
      <object_component id="oc-13a">
         <name>.debug_info</name>
         <load_address>0xd0bd</load_address>
         <run_address>0xd0bd</run_address>
         <size>0xb12</size>
         <input_file_ref idref="fl-8"/>
      </object_component>
      <object_component id="oc-b4">
         <name>.debug_info</name>
         <load_address>0xdbcf</load_address>
         <run_address>0xdbcf</run_address>
         <size>0x378</size>
         <input_file_ref idref="fl-8"/>
      </object_component>
      <object_component id="oc-14a">
         <name>.debug_info</name>
         <load_address>0xdf47</load_address>
         <run_address>0xdf47</run_address>
         <size>0x11f</size>
         <input_file_ref idref="fl-8"/>
      </object_component>
      <object_component id="oc-4b5">
         <name>.debug_info</name>
         <load_address>0xe066</load_address>
         <run_address>0xe066</run_address>
         <size>0x11f</size>
         <input_file_ref idref="fl-8"/>
      </object_component>
      <object_component id="oc-4b8">
         <name>.debug_info</name>
         <load_address>0xe185</load_address>
         <run_address>0xe185</run_address>
         <size>0x11f</size>
         <input_file_ref idref="fl-8"/>
      </object_component>
      <object_component id="oc-166">
         <name>.debug_info</name>
         <load_address>0xe2a4</load_address>
         <run_address>0xe2a4</run_address>
         <size>0x162</size>
         <input_file_ref idref="fl-8"/>
      </object_component>
      <object_component id="oc-183">
         <name>.debug_info</name>
         <load_address>0xe406</load_address>
         <run_address>0xe406</run_address>
         <size>0x11f</size>
         <input_file_ref idref="fl-8"/>
      </object_component>
      <object_component id="oc-4bb">
         <name>.debug_info</name>
         <load_address>0xe525</load_address>
         <run_address>0xe525</run_address>
         <size>0x12d</size>
         <input_file_ref idref="fl-8"/>
      </object_component>
      <object_component id="oc-4be">
         <name>.debug_info</name>
         <load_address>0xe652</load_address>
         <run_address>0xe652</run_address>
         <size>0x121</size>
         <input_file_ref idref="fl-8"/>
      </object_component>
      <object_component id="oc-2a7">
         <name>.debug_info</name>
         <load_address>0xe773</load_address>
         <run_address>0xe773</run_address>
         <size>0x367</size>
         <input_file_ref idref="fl-8"/>
      </object_component>
      <object_component id="oc-33a">
         <name>.debug_info</name>
         <load_address>0xeada</load_address>
         <run_address>0xeada</run_address>
         <size>0x3d3</size>
         <input_file_ref idref="fl-8"/>
      </object_component>
      <object_component id="oc-340">
         <name>.debug_info</name>
         <load_address>0xeead</load_address>
         <run_address>0xeead</run_address>
         <size>0x230</size>
         <input_file_ref idref="fl-8"/>
      </object_component>
      <object_component id="oc-379">
         <name>.debug_info</name>
         <load_address>0xf0dd</load_address>
         <run_address>0xf0dd</run_address>
         <size>0x2e5</size>
         <input_file_ref idref="fl-8"/>
      </object_component>
      <object_component id="oc-36b">
         <name>.debug_info</name>
         <load_address>0xf3c2</load_address>
         <run_address>0xf3c2</run_address>
         <size>0x23d</size>
         <input_file_ref idref="fl-8"/>
      </object_component>
      <object_component id="oc-2ad">
         <name>.debug_info</name>
         <load_address>0xf5ff</load_address>
         <run_address>0xf5ff</run_address>
         <size>0x1f1</size>
         <input_file_ref idref="fl-8"/>
      </object_component>
      <object_component id="oc-3af">
         <name>.debug_info</name>
         <load_address>0xf7f0</load_address>
         <run_address>0xf7f0</run_address>
         <size>0x18a</size>
         <input_file_ref idref="fl-8"/>
      </object_component>
      <object_component id="oc-41a">
         <name>.debug_info</name>
         <load_address>0xf97a</load_address>
         <run_address>0xf97a</run_address>
         <size>0x222</size>
[...]
      </symbol>
      <symbol id="sm-d">
         <name>__TI_prof_data_size</name>
         <value>0xffffffff</value>
      </symbol>
      <symbol id="sm-90">
         <name>vApplicationStackOverflowHook</name>
         <value>0x3621</value>
         <object_component_ref idref="oc-143"/>
      </symbol>
      <symbol id="sm-91">
         <name>vApplicationIdleHook</name>
         <value>0x36e1</value>
         <object_component_ref idref="oc-42b"/>
      </symbol>
      <symbol id="sm-92">
         <name>main</name>
         <value>0x3669</value>
         <object_component_ref idref="oc-124"/>
      </symbol>
      <symbol id="sm-93">
         <name>vApplicationMallocFailedHook</name>
         <value>0x3609</value>
         <object_component_ref idref="oc-3c6"/>
      </symbol>
      <symbol id="sm-f9">
         <name>uxListRemove</name>
         <value>0x3379</value>
         <object_component_ref idref="oc-153"/>
      </symbol>
      <symbol id="sm-fa">
         <name>vListInsert</name>
         <value>0x3109</value>
         <object_component_ref idref="oc-508"/>
      </symbol>
      <symbol id="sm-fb">
         <name>vListInitialiseItem</name>
         <value>0x36c1</value>
         <object_component_ref idref="oc-3df"/>
      </symbol>
      <symbol id="sm-fc">
         <name>vListInsertEnd</name>
         <value>0x3551</value>
         <object_component_ref idref="oc-159"/>
      </symbol>
      <symbol id="sm-fd">
         <name>vListInitialise</name>
         <value>0x3489</value>
         <object_component_ref idref="oc-4a4"/>
      </symbol>
      <symbol id="sm-1ec">
         <name>xQueueGenericSendFromISR</name>
         <value>0x15f1</value>
         <object_component_ref idref="oc-c7"/>
      </symbol>
      <symbol id="sm-1ed">
         <name>xQueueIsQueueFullFromISR</name>
         <value>0x32f9</value>
         <object_component_ref idref="oc-1a1"/>
      </symbol>
      <symbol id="sm-1ee">
         <name>xQueueGenericCreate</name>
         <value>0x2da9</value>
         <object_component_ref idref="oc-2a0"/>
      </symbol>
      <symbol id="sm-1ef">
         <name>xQueueGenericSend</name>
         <value>0x309</value>
         <object_component_ref idref="oc-37e"/>
      </symbol>
      <symbol id="sm-1f0">
         <name>xQueueGenericReset</name>
         <value>0x1ec1</value>
         <object_component_ref idref="oc-3d7"/>
      </symbol>
      <symbol id="sm-1f1">
         <name>xQueueReceiveFromISR</name>
         <value>0x1b21</value>
         <object_component_ref idref="oc-195"/>
      </symbol>
      <symbol id="sm-1f2">
         <name>vQueueWaitForMessageRestricted</name>
         <value>0x2ed9</value>
         <object_component_ref idref="oc-53b"/>
      </symbol>
      <symbol id="sm-1f3">
         <name>xQueueReceive</name>
         <value>0x4a1</value>
         <object_component_ref idref="oc-35e"/>
      </symbol>
      <symbol id="sm-457">
         <name>vTaskDelay</name>
         <value>0x2b71</value>
         <object_component_ref idref="oc-36a"/>
      </symbol>
      <symbol id="sm-458">
         <name>vTaskSuspendAll</name>
         <value>0x3649</value>
         <object_component_ref idref="oc-3ae"/>
      </symbol>
      <symbol id="sm-459">
         <name>vTaskPlaceOnEventList</name>
         <value>0x30d1</value>
         <object_component_ref idref="oc-440"/>
      </symbol>
      <symbol id="sm-45a">
         <name>xTaskCheckForTimeOut</name>
         <value>0x1d99</value>
         <object_component_ref idref="oc-452"/>
      </symbol>
      <symbol id="sm-45b">
         <name>xTaskPriorityDisinherit</name>
         <value>0x1789</value>
         <object_component_ref idref="oc-231"/>
      </symbol>
      <symbol id="sm-45c">
         <name>vTaskStartScheduler</name>
         <value>0x2061</value>
         <object_component_ref idref="oc-2ac"/>
      </symbol>
      <symbol id="sm-45d">
         <name>vTaskInternalSetTimeOutState</name>
         <value>0x3569</value>
         <object_component_ref idref="oc-44c"/>
      </symbol>
      <symbol id="sm-45e">
         <name>xTaskCreate</name>
         <value>0x2721</value>
         <object_component_ref idref="oc-2a6"/>
      </symbol>
      <symbol id="sm-45f">
         <name>vTaskDelayUntil</name>
         <value>0x1849</value>
         <object_component_ref idref="oc-378"/>
      </symbol>
      <symbol id="sm-460">
         <name>vTaskMissedYield</name>
         <value>0x3691</value>
         <object_component_ref idref="oc-50f"/>
      </symbol>
      <symbol id="sm-461">
         <name>vTaskStepTick</name>
         <value>0x3141</value>
         <object_component_ref idref="oc-4f7"/>
      </symbol>
      <symbol id="sm-462">
         <name>xTaskResumeAll</name>
         <value>0xe69</value>
         <object_component_ref idref="oc-3c0"/>
      </symbol>
      <symbol id="sm-463">
         <name>xTaskGetTickCount</name>
         <value>0x36a1</value>
         <object_component_ref idref="oc-372"/>
      </symbol>
      <symbol id="sm-464">
         <name>pxCurrentTCB</name>
         <value>0x2000cae4</value>
         <object_component_ref idref="oc-b3"/>
      </symbol>
      <symbol id="sm-465">
         <name>vTaskNotifyGiveFromISR</name>
         <value>0x1519</value>
         <object_component_ref idref="oc-cd"/>
      </symbol>
      <symbol id="sm-466">
         <name>vTaskPlaceOnEventListRestricted</name>
         <value>0x2f69</value>
         <object_component_ref idref="oc-569"/>
      </symbol>
      <symbol id="sm-467">
         <name>xTaskIncrementTick</name>
         <value>0x751</value>
         <object_component_ref idref="oc-c0"/>
      </symbol>
      <symbol id="sm-468">
         <name>vTaskSwitchContext</name>
         <value>0x1a71</value>
         <object_component_ref idref="oc-b9"/>
      </symbol>
      <symbol id="sm-469">
         <name>xTaskGetSchedulerState</name>
         <value>0x3429</value>
         <object_component_ref idref="oc-434"/>
      </symbol>
      <symbol id="sm-46a">
         <name>xTaskRemoveFromEventList</name>
         <value>0x1c61</value>
         <object_component_ref idref="oc-175"/>
      </symbol>
      <symbol id="sm-46b">
         <name>eTaskConfirmSleepModeStatus</name>
         <value>0x2fa9</value>
         <object_component_ref idref="oc-4eb"/>
      </symbol>
      <symbol id="sm-54c">
         <name>xTimerCreateTimerTask</name>
         <value>0x2969</value>
         <object_component_ref idref="oc-346"/>
      </symbol>
      <symbol id="sm-54d">
         <name>xTimerGenericCommand</name>
         <value>0x22d1</value>
         <object_component_ref idref="oc-54e"/>
      </symbol>
      <symbol id="sm-5f5">
         <name>ulMaxSyscallInterruptPriority</name>
         <value>0x3704</value>
         <object_component_ref idref="oc-b6"/>
      </symbol>
      <symbol id="sm-5f6">
         <name>vPortSetupTimerInterrupt</name>
         <value>0x2509</value>
         <object_component_ref idref="oc-412"/>
      </symbol>
      <symbol id="sm-5f7">
         <name>vPortSuppressTicksAndSleep</name>
         <value>0x9d1</value>
         <object_component_ref idref="oc-41f"/>
      </symbol>
      <symbol id="sm-5f8">
         <name>xPortSysTickHandler</name>
         <value>0x32c9</value>
         <object_component_ref idref="oc-49"/>
      </symbol>
      <symbol id="sm-5f9">
         <name>vPortValidateInterruptPriority</name>
         <value>0x2789</value>
         <object_component_ref idref="oc-169"/>
      </symbol>
      <symbol id="sm-5fa">
         <name>pxPortInitialiseStack</name>
         <value>0x3299</value>
         <object_component_ref idref="oc-3e5"/>
      </symbol>
      <symbol id="sm-5fb">
         <name>vPortExitCritical</name>
         <value>0x31d9</value>
         <object_component_ref idref="oc-3f8"/>
      </symbol>
      <symbol id="sm-5fc">
         <name>xPortStartScheduler</name>
         <value>0x1289</value>
         <object_component_ref idref="oc-34c"/>
      </symbol>
      <symbol id="sm-5fd">
         <name>vPortEnterCritical</name>
         <value>0x2f21</value>
         <object_component_ref idref="oc-3ec"/>
      </symbol>
      <symbol id="sm-60c">
         <name>vPortStartFirstTask</name>
         <value>0x140d</value>
         <object_component_ref idref="oc-44"/>
      </symbol>
      <symbol id="sm-60d">
         <name>ulPortGetIPSR</name>
         <value>0x1375</value>
         <object_component_ref idref="oc-44"/>
      </symbol>
      <symbol id="sm-60e">
         <name>vPortEnableVFP</name>
         <value>0x1431</value>
         <object_component_ref idref="oc-44"/>
      </symbol>
      <symbol id="sm-60f">
         <name>xPortPendSVHandler</name>
         <value>0x138d</value>
         <object_component_ref idref="oc-44"/>
      </symbol>
      <symbol id="sm-610">
         <name>vPortSVCHandler</name>
         <value>0x13ed</value>
         <object_component_ref idref="oc-44"/>
      </symbol>
      <symbol id="sm-68f">
         <name>pvPortMalloc</name>
         <value>0x899</value>
         <object_component_ref idref="oc-326"/>
      </symbol>
      <symbol id="sm-690">
         <name>vPortFree</name>
         <value>0x1fd9</value>
         <object_component_ref idref="oc-333"/>
      </symbol>
      <symbol id="sm-6ad">
         <name>vT32_1_Handler</name>
         <value>0x3099</value>
         <object_component_ref idref="oc-5b"/>
      </symbol>
      <symbol id="sm-6ae">
         <name>vT32_0_Handler</name>
         <value>0x3061</value>
         <object_component_ref idref="oc-55"/>
      </symbol>
      <symbol id="sm-6e1">
         <name>vUART_Handler</name>
         <value>0x19b9</value>
         <object_component_ref idref="oc-4f"/>
      </symbol>
      <symbol id="sm-77f">
         <name>xFirstTimerHandler</name>
         <value>0xb09</value>
         <object_component_ref idref="oc-e4"/>
      </symbol>
      <symbol id="sm-780">
         <name>xSecondTimerHandler</name>
         <value>0x149</value>
         <object_component_ref idref="oc-eb"/>
      </symbol>
      <symbol id="sm-812">
         <name>vPreSleepProcessing</name>
         <value>0x36f1</value>
         <object_component_ref idref="oc-4f1"/>
      </symbol>
      <symbol id="sm-813">
         <name>main_blinky</name>
         <value>0x1e31</value>
         <object_component_ref idref="oc-1d6"/>
      </symbol>
      <symbol id="sm-814">
         <name>vApplicationTickHook</name>
         <value>0x36e9</value>
         <object_component_ref idref="oc-15f"/>
      </symbol>
      <symbol id="sm-8c5">
         <name>CS_getMCLK</name>
         <value>0x3509</value>
         <object_component_ref idref="oc-4e3"/>
      </symbol>
      <symbol id="sm-8c6">
         <name>CS_clearInterruptFlag</name>
         <value>0x3329</value>
         <object_component_ref idref="oc-57f"/>
      </symbol>
      <symbol id="sm-8c7">
         <name>CS_getDCOFrequency</name>
         <value>0x609</value>
         <object_component_ref idref="oc-579"/>
      </symbol>
      <symbol id="sm-8c8">
         <name>CS_setDCOCenteredFrequency</name>
         <value>0x3209</value>
         <object_component_ref idref="oc-300"/>
      </symbol>
      <symbol id="sm-8c9">
         <name>CS_initClockSignal</name>
         <value>0xc39</value>
         <object_component_ref idref="oc-306"/>
      </symbol>
      <symbol id="sm-8d8">
         <name>FlashCtl_setWaitState</name>
         <value>0x3179</value>
         <object_component_ref idref="oc-2fa"/>
      </symbol>
      <symbol id="sm-8e4">
         <name>FPU_enableModule</name>
         <value>0x3639</value>
         <object_component_ref idref="oc-27b"/>
      </symbol>
      <symbol id="sm-92f">
         <name>GPIO_setAsInputPinWithPullUpResistor</name>
         <value>0x3239</value>
         <object_component_ref idref="oc-313"/>
      </symbol>
      <symbol id="sm-930">
         <name>GPIO_enableInterrupt</name>
         <value>0x3581</value>
         <object_component_ref idref="oc-319"/>
      </symbol>
      <symbol id="sm-931">
         <name>GPIO_setAsOutputPin</name>
         <value>0x33c9</value>
         <object_component_ref idref="oc-28d"/>
      </symbol>
      <symbol id="sm-932">
         <name>GPIO_setOutputLowOnPin</name>
         <value>0x3599</value>
         <object_component_ref idref="oc-287"/>
      </symbol>
      <symbol id="sm-933">
         <name>GPIO_toggleOutputOnPin</name>
         <value>0x35b1</value>
         <object_component_ref idref="oc-364"/>
      </symbol>
      <symbol id="sm-934">
         <name>GPIO_setAsPeripheralModuleFunctionInputPin</name>
         <value>0x29c1</value>
         <object_component_ref idref="oc-281"/>
      </symbol>
      <symbol id="sm-951">
         <name>Interrupt_enableInterrupt</name>
         <value>0x21e1</value>
         <object_component_ref idref="oc-31f"/>
      </symbol>
      <symbol id="sm-9bc">
         <name>PCM_setCoreVoltageLevel</name>
         <value>0x36b1</value>
         <object_component_ref idref="oc-30c"/>
      </symbol>
      <symbol id="sm-9bd">
         <name>PCM_getCoreVoltageLevel</name>
         <value>0x2c21</value>
         <object_component_ref idref="oc-479"/>
      </symbol>
      <symbol id="sm-9be">
         <name>PCM_getPowerMode</name>
         <value>0x2fe9</value>
         <object_component_ref idref="oc-473"/>
      </symbol>
      <symbol id="sm-9bf">
         <name>PCM_getPowerState</name>
         <value>0x3679</value>
         <object_component_ref idref="oc-47f"/>
      </symbol>
      <symbol id="sm-9c0">
         <name>PCM_setPowerMode</name>
         <value>0x36b9</value>
         <object_component_ref idref="oc-485"/>
      </symbol>
      <symbol id="sm-9d6">
         <name>SysCtl_getTLVInfo</name>
         <value>0x2cc1</value>
         <object_component_ref idref="oc-592"/>
      </symbol>
      <symbol id="sm-a0d">
         <name>interruptVectors</name>
         <value>0x0</value>
         <object_component_ref idref="oc-10"/>
      </symbol>
      <symbol id="sm-a1f">
         <name>SystemInit</name>
         <value>0x25e9</value>
         <object_component_ref idref="oc-a9"/>
      </symbol>
      <symbol id="sm-a30">
         <name>_c_int00</name>
         <value>0x2ac5</value>
         <object_component_ref idref="oc-25"/>
      </symbol>
      <symbol id="sm-a31">
         <name>__stack</name>
         <value>0x2000fce0</value>
         <object_component_ref idref="oc-2b"/>
      </symbol>
      <symbol id="sm-a4f">
         <name>__TI_decompress_lzss</name>
         <value>0x2651</value>
         <object_component_ref idref="oc-13"/>
      </symbol>
      <symbol id="sm-a66">
         <name>__TI_decompress_none</name>
         <value>0x3659</value>
         <object_component_ref idref="oc-19"/>
      </symbol>
      <symbol id="sm-a78">
         <name>__TI_zero_init</name>
         <value>0x3685</value>
         <object_component_ref idref="oc-1f"/>
      </symbol>
      <symbol id="sm-a99">
         <name>C$$EXIT</name>
         <value>0x2b19</value>
         <object_component_ref idref="oc-9f"/>
      </symbol>
      <symbol id="sm-a9a">
         <name>abort</name>
         <value>0x2b1d</value>
         <object_component_ref idref="oc-9f"/>
      </symbol>
      <symbol id="sm-a9b">
         <name>exit</name>
         <value>0x2b25</value>
         <object_component_ref idref="oc-9f"/>
      </symbol>
      <symbol id="sm-a9c">
         <name>__TI_dtors_ptr</name>
         <value>0x2000cb84</value>
         <object_component_ref idref="oc-12c"/>
      </symbol>
      <symbol id="sm-a9d">
         <name>__TI_cleanup_ptr</name>
         <value>0x2000cb80</value>
         <object_component_ref idref="oc-12c"/>
      </symbol>
      <symbol id="sm-a9e">
         <name>__TI_enable_exit_profile_output</name>
         <value>0x2000cb88</value>
         <object_component_ref idref="oc-12c"/>
      </symbol>
      <symbol id="sm-abb">
         <name>memcpy</name>
         <value>0x1bbf</value>
         <object_component_ref idref="oc-6f"/>
      </symbol>
      <symbol id="sm-abc">
         <name>__aeabi_memcpy</name>
         <value>0x1bbf</value>
         <object_component_ref idref="oc-6f"/>
      </symbol>
      <symbol id="sm-abd">
         <name>__aeabi_memcpy8</name>
         <value>0x1bbf</value>
         <object_component_ref idref="oc-6f"/>
      </symbol>
      <symbol id="sm-abe">
         <name>__aeabi_memcpy4</name>
         <value>0x1bbf</value>
         <object_component_ref idref="oc-6f"/>
      </symbol>
      <symbol id="sm-acd">
         <name>__aeabi_memset</name>
         <value>0x2167</value>
         <object_component_ref idref="oc-7b"/>
      </symbol>
      <symbol id="sm-ace">
         <name>memset</name>
         <value>0x216d</value>
         <object_component_ref idref="oc-7b"/>
      </symbol>
      <symbol id="sm-acf">
         <name>__aeabi_memset8</name>
         <value>0x2167</value>
         <object_component_ref idref="oc-7b"/>
      </symbol>
      <symbol id="sm-ad0">
         <name>__aeabi_memset4</name>
         <value>0x2167</value>
         <object_component_ref idref="oc-7b"/>
      </symbol>
      <symbol id="sm-ad1">
         <name>__aeabi_memclr8</name>
         <value>0x2165</value>
         <object_component_ref idref="oc-7b"/>
      </symbol>
      <symbol id="sm-ad2">
         <name>__aeabi_memclr4</name>
         <value>0x2165</value>
         <object_component_ref idref="oc-7b"/>
      </symbol>
      <symbol id="sm-ad3">
         <name>__aeabi_memclr</name>
         <value>0x2165</value>
         <object_component_ref idref="oc-7b"/>
      </symbol>
      <symbol id="sm-add">
         <name>__mpu_init</name>
         <value>0x605</value>
         <object_component_ref idref="oc-87"/>
      </symbol>
      <symbol id="sm-ae7">
         <name>_system_pre_init</name>
         <value>0x49d</value>
         <object_component_ref idref="oc-8d"/>
      </symbol>
      <symbol id="sm-aef">
         <name>main_func_sp</name>
         <value>0x2000cba8</value>
         <object_component_ref idref="oc-a5"/>
      </symbol>
      <symbol id="sm-b0f">
         <name>_nop</name>
         <value>0x35eb</value>
         <object_component_ref idref="oc-1e6"/>
      </symbol>
      <symbol id="sm-b10">
         <name>_lock</name>
         <value>0x2000cb98</value>
         <object_component_ref idref="oc-12f"/>
      </symbol>
      <symbol id="sm-b11">
         <name>_unlock</name>
         <value>0x2000cb9c</value>
         <object_component_ref idref="oc-12f"/>
      </symbol>
      <symbol id="sm-b12">
         <name>_register_lock</name>
         <value>0x35e3</value>
         <object_component_ref idref="oc-1e6"/>
      </symbol>
      <symbol id="sm-b13">
         <name>_register_unlock</name>
         <value>0x35dd</value>
         <object_component_ref idref="oc-1e6"/>
      </symbol>
      <symbol id="sm-b27">
         <name>_args_main</name>
         <value>0x3539</value>
         <object_component_ref idref="oc-99"/>
      </symbol>
      <symbol id="sm-b51">
         <name>__TI_auto_init</name>
         <value>0x2499</value>
         <object_component_ref idref="oc-93"/>
      </symbol>
      <symbol id="sm-b6b">
         <name>copy_in</name>
         <value>0x2d5d</value>
         <object_component_ref idref="oc-116"/>
      </symbol>
      <symbol id="sm-b76">
         <name>_system_post_cinit</name>
         <value>0x607</value>
         <object_component_ref idref="oc-11c"/>
      </symbol>
      <symbol id="sm-b77">
         <name>__TI_static_base__</name>
         <value>0x0</value>
      </symbol>
      <symbol id="sm-b7a">
         <name>SHT$$INIT_ARRAY$$Limit</name>
         <value>0x0</value>
      </symbol>
      <symbol id="sm-b7b">
         <name>SHT$$INIT_ARRAY$$Base</name>
         <value>0x0</value>
      </symbol>
   </symbol_table>
   <title>Link successful</title>
</link_info>
